Component: ARM Compiler 5.06 update 6 (build 750) Tool: armlink [4d35ed]

==============================================================================

Section Cross References

    startup_stm32f767xx.o(RESET) refers to startup_stm32f767xx.o(STACK) for __initial_sp
    startup_stm32f767xx.o(RESET) refers to startup_stm32f767xx.o(.text) for Reset_Handler
    startup_stm32f767xx.o(RESET) refers to stm32f7xx_it.o(i.SysTick_Handler) for SysTick_Handler
    startup_stm32f767xx.o(RESET) refers to stm32f7xx_it.o(i.TIM1_UP_TIM10_IRQHandler) for TIM1_UP_TIM10_IRQHandler
    startup_stm32f767xx.o(RESET) refers to stm32f7xx_it.o(i.EXTI15_10_IRQHandler) for EXTI15_10_IRQHandler
    startup_stm32f767xx.o(RESET) refers to stm32f7xx_it.o(i.UART4_IRQHandler) for UART4_IRQHandler
    startup_stm32f767xx.o(.text) refers to system_stm32f7xx.o(i.SystemInit) for SystemInit
    startup_stm32f767xx.o(.text) refers to entry.o(.ARM.Collect$$$$00000000) for __main
    ili9341_gfx.o(i.ILI9341_Draw_Char) refers to ili9341_stm32_driver.o(i.ILI9341_Draw_Rectangle) for ILI9341_Draw_Rectangle
    ili9341_gfx.o(i.ILI9341_Draw_Char) refers to ili9341_stm32_driver.o(i.ILI9341_Draw_Pixel) for ILI9341_Draw_Pixel
    ili9341_gfx.o(i.ILI9341_Draw_Char) refers to ili9341_gfx.o(.constdata) for .constdata
    ili9341_gfx.o(i.ILI9341_Draw_Filled_Circle) refers to ili9341_stm32_driver.o(i.ILI9341_Draw_Pixel) for ILI9341_Draw_Pixel
    ili9341_gfx.o(i.ILI9341_Draw_Filled_Rectangle_Coord) refers to ili9341_stm32_driver.o(i.ILI9341_Draw_Rectangle) for ILI9341_Draw_Rectangle
    ili9341_gfx.o(i.ILI9341_Draw_Hollow_Circle) refers to ili9341_stm32_driver.o(i.ILI9341_Draw_Pixel) for ILI9341_Draw_Pixel
    ili9341_gfx.o(i.ILI9341_Draw_Hollow_Rectangle_Coord) refers to ili9341_stm32_driver.o(i.ILI9341_Draw_Horizontal_Line) for ILI9341_Draw_Horizontal_Line
    ili9341_gfx.o(i.ILI9341_Draw_Hollow_Rectangle_Coord) refers to ili9341_stm32_driver.o(i.ILI9341_Draw_Vertical_Line) for ILI9341_Draw_Vertical_Line
    ili9341_gfx.o(i.ILI9341_Draw_Hollow_Rectangle_Coord) refers to ili9341_stm32_driver.o(i.ILI9341_Draw_Pixel) for ILI9341_Draw_Pixel
    ili9341_gfx.o(i.ILI9341_Draw_Image) refers to ili9341_stm32_driver.o(i.ILI9341_Set_Rotation) for ILI9341_Set_Rotation
    ili9341_gfx.o(i.ILI9341_Draw_Image) refers to ili9341_stm32_driver.o(i.ILI9341_Set_Address) for ILI9341_Set_Address
    ili9341_gfx.o(i.ILI9341_Draw_Image) refers to stm32f7xx_hal_gpio.o(i.HAL_GPIO_WritePin) for HAL_GPIO_WritePin
    ili9341_gfx.o(i.ILI9341_Draw_Image) refers to stm32f7xx_hal_spi.o(i.HAL_SPI_Transmit) for HAL_SPI_Transmit
    ili9341_gfx.o(i.ILI9341_Draw_Image) refers to spi.o(.bss) for hspi5
    ili9341_gfx.o(i.ILI9341_Draw_Text) refers to ili9341_gfx.o(i.ILI9341_Draw_Char) for ILI9341_Draw_Char
    ili9341_stm32_driver.o(i.ILI9341_Draw_Colour) refers to stm32f7xx_hal_gpio.o(i.HAL_GPIO_WritePin) for HAL_GPIO_WritePin
    ili9341_stm32_driver.o(i.ILI9341_Draw_Colour) refers to stm32f7xx_hal_spi.o(i.HAL_SPI_Transmit) for HAL_SPI_Transmit
    ili9341_stm32_driver.o(i.ILI9341_Draw_Colour) refers to spi.o(.bss) for hspi5
    ili9341_stm32_driver.o(i.ILI9341_Draw_Colour_Burst) refers to stm32f7xx_hal_gpio.o(i.HAL_GPIO_WritePin) for HAL_GPIO_WritePin
    ili9341_stm32_driver.o(i.ILI9341_Draw_Colour_Burst) refers to malloc.o(i.malloc) for malloc
    ili9341_stm32_driver.o(i.ILI9341_Draw_Colour_Burst) refers to stm32f7xx_hal_spi.o(i.HAL_SPI_Transmit) for HAL_SPI_Transmit
    ili9341_stm32_driver.o(i.ILI9341_Draw_Colour_Burst) refers to malloc.o(i.free) for free
    ili9341_stm32_driver.o(i.ILI9341_Draw_Colour_Burst) refers to spi.o(.bss) for hspi5
    ili9341_stm32_driver.o(i.ILI9341_Draw_Horizontal_Line) refers to ili9341_stm32_driver.o(i.ILI9341_Set_Address) for ILI9341_Set_Address
    ili9341_stm32_driver.o(i.ILI9341_Draw_Horizontal_Line) refers to ili9341_stm32_driver.o(i.ILI9341_Draw_Colour_Burst) for ILI9341_Draw_Colour_Burst
    ili9341_stm32_driver.o(i.ILI9341_Draw_Horizontal_Line) refers to ili9341_stm32_driver.o(.data) for .data
    ili9341_stm32_driver.o(i.ILI9341_Draw_Pixel) refers to stm32f7xx_hal_gpio.o(i.HAL_GPIO_WritePin) for HAL_GPIO_WritePin
    ili9341_stm32_driver.o(i.ILI9341_Draw_Pixel) refers to ili9341_stm32_driver.o(i.ILI9341_SPI_Send) for ILI9341_SPI_Send
    ili9341_stm32_driver.o(i.ILI9341_Draw_Pixel) refers to stm32f7xx_hal_spi.o(i.HAL_SPI_Transmit) for HAL_SPI_Transmit
    ili9341_stm32_driver.o(i.ILI9341_Draw_Pixel) refers to ili9341_stm32_driver.o(.data) for .data
    ili9341_stm32_driver.o(i.ILI9341_Draw_Pixel) refers to spi.o(.bss) for hspi5
    ili9341_stm32_driver.o(i.ILI9341_Draw_Rectangle) refers to ili9341_stm32_driver.o(i.ILI9341_Set_Address) for ILI9341_Set_Address
    ili9341_stm32_driver.o(i.ILI9341_Draw_Rectangle) refers to ili9341_stm32_driver.o(i.ILI9341_Draw_Colour_Burst) for ILI9341_Draw_Colour_Burst
    ili9341_stm32_driver.o(i.ILI9341_Draw_Rectangle) refers to ili9341_stm32_driver.o(.data) for .data
[...]
    Removing stm32f7xx_hal_tim_ex.o(i.TIMEx_DMACommutationCplt), (16 bytes).
    Removing stm32f7xx_hal_tim_ex.o(i.TIM_CCxNChannelCmd), (22 bytes).
    Removing stm32f7xx_hal_uart.o(.rev16_text), (4 bytes).
    Removing stm32f7xx_hal_uart.o(.revsh_text), (4 bytes).
    Removing stm32f7xx_hal_uart.o(.rrx_text), (6 bytes).
    Removing stm32f7xx_hal_uart.o(i.HAL_HalfDuplex_EnableReceiver), (62 bytes).
    Removing stm32f7xx_hal_uart.o(i.HAL_HalfDuplex_EnableTransmitter), (62 bytes).
    Removing stm32f7xx_hal_uart.o(i.HAL_HalfDuplex_Init), (116 bytes).
    Removing stm32f7xx_hal_uart.o(i.HAL_LIN_Init), (130 bytes).
    Removing stm32f7xx_hal_uart.o(i.HAL_LIN_SendBreak), (50 bytes).
    Removing stm32f7xx_hal_uart.o(i.HAL_MultiProcessorEx_AddressLength_Set), (48 bytes).
    Removing stm32f7xx_hal_uart.o(i.HAL_MultiProcessor_DisableMuteMode), (44 bytes).
    Removing stm32f7xx_hal_uart.o(i.HAL_MultiProcessor_EnableMuteMode), (44 bytes).
    Removing stm32f7xx_hal_uart.o(i.HAL_MultiProcessor_EnterMuteMode), (12 bytes).
    Removing stm32f7xx_hal_uart.o(i.HAL_MultiProcessor_Init), (138 bytes).
    Removing stm32f7xx_hal_uart.o(i.HAL_RS485Ex_Init), (140 bytes).
    Removing stm32f7xx_hal_uart.o(i.HAL_UART_DMAPause), (98 bytes).
    Removing stm32f7xx_hal_uart.o(i.HAL_UART_DMAResume), (102 bytes).
    Removing stm32f7xx_hal_uart.o(i.HAL_UART_DMAStop), (84 bytes).
    Removing stm32f7xx_hal_uart.o(i.HAL_UART_DeInit), (64 bytes).
    Removing stm32f7xx_hal_uart.o(i.HAL_UART_GetError), (4 bytes).
    Removing stm32f7xx_hal_uart.o(i.HAL_UART_GetState), (12 bytes).
    Removing stm32f7xx_hal_uart.o(i.HAL_UART_MspDeInit), (2 bytes).
    Removing stm32f7xx_hal_uart.o(i.HAL_UART_MspInit), (2 bytes).
    Removing stm32f7xx_hal_uart.o(i.HAL_UART_Receive), (232 bytes).
    Removing stm32f7xx_hal_uart.o(i.HAL_UART_Receive_DMA), (148 bytes).
    Removing stm32f7xx_hal_uart.o(i.HAL_UART_Receive_IT), (142 bytes).
    Removing stm32f7xx_hal_uart.o(i.HAL_UART_RxHalfCpltCallback), (2 bytes).
    Removing stm32f7xx_hal_uart.o(i.HAL_UART_Transmit_DMA), (140 bytes).
    Removing stm32f7xx_hal_uart.o(i.HAL_UART_Transmit_IT), (66 bytes).
    Removing stm32f7xx_hal_uart.o(i.HAL_UART_TxHalfCpltCallback), (2 bytes).
    Removing stm32f7xx_hal_uart.o(i.UART_DMAError), (74 bytes).
    Removing stm32f7xx_hal_uart.o(i.UART_DMAReceiveCplt), (60 bytes).
    Removing stm32f7xx_hal_uart.o(i.UART_DMARxHalfCplt), (10 bytes).
    Removing stm32f7xx_hal_uart.o(i.UART_DMATransmitCplt), (46 bytes).
    Removing stm32f7xx_hal_uart.o(i.UART_DMATxHalfCplt), (10 bytes).
    Removing stm32f7xx_hal_uart.o(i.UART_EndTxTransfer), (18 bytes).
    Removing system_stm32f7xx.o(.rev16_text), (4 bytes).
    Removing system_stm32f7xx.o(.revsh_text), (4 bytes).
    Removing system_stm32f7xx.o(.rrx_text), (6 bytes).
    Removing system_stm32f7xx.o(i.SystemCoreClockUpdate), (128 bytes).
    Removing dadd.o(.text), (334 bytes).
    Removing dmul.o(.text), (228 bytes).
    Removing ddiv.o(.text), (222 bytes).
    Removing dfixul.o(.text), (48 bytes).
    Removing cdrcmple.o(.text), (48 bytes).
    Removing depilogue.o(.text), (186 bytes).

535 unused section(s) (total 39172 bytes) removed from the image.

==============================================================================

Image Symbol Table

    Local Symbols

    Symbol Name                              Value     Ov Type        Size  Object(Section)

    ../Drivers/STM32F7xx_HAL_Driver/Src/stm32f7xx_hal.c 0x00000000   Number         0  stm32f7xx_hal.o ABSOLUTE
    ../Drivers/STM32F7xx_HAL_Driver/Src/stm32f7xx_hal_cortex.c 0x00000000   Number         0  stm32f7xx_hal_cortex.o ABSOLUTE
    ../Drivers/STM32F7xx_HAL_Driver/Src/stm32f7xx_hal_dma.c 0x00000000   Number         0  stm32f7xx_hal_dma.o ABSOLUTE
    ../Drivers/STM32F7xx_HAL_Driver/Src/stm32f7xx_hal_dma_ex.c 0x00000000   Number         0  stm32f7xx_hal_dma_ex.o ABSOLUTE
    ../Drivers/STM32F7xx_HAL_Driver/Src/stm32f7xx_hal_flash.c 0x00000000   Number         0  stm32f7xx_hal_flash.o ABSOLUTE
    ../Drivers/STM32F7xx_HAL_Driver/Src/stm32f7xx_hal_flash_ex.c 0x00000000   Number         0  stm32f7xx_hal_flash_ex.o ABSOLUTE
    ../Drivers/STM32F7xx_HAL_Driver/Src/stm32f7xx_hal_gpio.c 0x00000000   Number         0  stm32f7xx_hal_gpio.o ABSOLUTE
    ../Drivers/STM32F7xx_HAL_Driver/Src/stm32f7xx_hal_i2c.c 0x00000000   Number         0  stm32f7xx_hal_i2c.o ABSOLUTE
    ../Drivers/STM32F7xx_HAL_Driver/Src/stm32f7xx_hal_i2c_ex.c 0x00000000   Number         0  stm32f7xx_hal_i2c_ex.o ABSOLUTE
    ../Drivers/STM32F7xx_HAL_Driver/Src/stm32f7xx_hal_pwr.c 0x00000000   Number         0  stm32f7xx_hal_pwr.o ABSOLUTE
    ../Drivers/STM32F7xx_HAL_Driver/Src/stm32f7xx_hal_pwr_ex.c 0x00000000   Number         0  stm32f7xx_hal_pwr_ex.o ABSOLUTE
    ../Drivers/STM32F7xx_HAL_Driver/Src/stm32f7xx_hal_rcc.c 0x00000000   Number         0  stm32f7xx_hal_rcc.o ABSOLUTE
    ../Drivers/STM32F7xx_HAL_Driver/Src/stm32f7xx_hal_rcc_ex.c 0x00000000   Number         0  stm32f7xx_hal_rcc_ex.o ABSOLUTE
    ../Drivers/STM32F7xx_HAL_Driver/Src/stm32f7xx_hal_rng.c 0x00000000   Number         0  stm32f7xx_hal_rng.o ABSOLUTE
    ../Drivers/STM32F7xx_HAL_Driver/Src/stm32f7xx_hal_spi.c 0x00000000   Number         0  stm32f7xx_hal_spi.o ABSOLUTE
    ../Drivers/STM32F7xx_HAL_Driver/Src/stm32f7xx_hal_tim.c 0x00000000   Number         0  stm32f7xx_hal_tim.o ABSOLUTE
    ../Drivers/STM32F7xx_HAL_Driver/Src/stm32f7xx_hal_tim_ex.c 0x00000000   Number         0  stm32f7xx_hal_tim_ex.o ABSOLUTE
    ../Drivers/STM32F7xx_HAL_Driver/Src/stm32f7xx_hal_uart.c 0x00000000   Number         0  stm32f7xx_hal_uart.o ABSOLUTE
    ../Src/gpio.c                            0x00000000   Number         0  gpio.o ABSOLUTE
    ../Src/main.c                            0x00000000   Number         0  main.o ABSOLUTE
    ../Src/rng.c                             0x00000000   Number         0  rng.o ABSOLUTE
    ../Src/spi.c                             0x00000000   Number         0  spi.o ABSOLUTE
    ../Src/stm32f7xx_hal_msp.c               0x00000000   Number         0  stm32f7xx_hal_msp.o ABSOLUTE
    ../Src/stm32f7xx_it.c                    0x00000000   Number         0  stm32f7xx_it.o ABSOLUTE
    ../Src/sys.c                             0x00000000   Number         0  sys.o ABSOLUTE
    ../Src/system_stm32f7xx.c                0x00000000   Number         0  system_stm32f7xx.o ABSOLUTE
    ../Src/tim.c                             0x00000000   Number         0  tim.o ABSOLUTE
    ../Src/usart.c                           0x00000000   Number         0  usart.o ABSOLUTE
    ../clib/microlib/division.c              0x00000000   Number         0  uidiv.o ABSOLUTE
    ../clib/microlib/division.c              0x00000000   Number         0  uldiv.o ABSOLUTE
    ../clib/microlib/init/entry.s            0x00000000   Number         0  entry5.o ABSOLUTE
    ../clib/microlib/init/entry.s            0x00000000   Number         0  entry11a.o ABSOLUTE
    ../clib/microlib/init/entry.s            0x00000000   Number         0  entry10b.o ABSOLUTE
    ../clib/microlib/init/entry.s            0x00000000   Number         0  entry10a.o ABSOLUTE
    ../clib/microlib/init/entry.s            0x00000000   Number         0  entry9a.o ABSOLUTE
    ../clib/microlib/init/entry.s            0x00000000   Number         0  entry9b.o ABSOLUTE
    ../clib/microlib/init/entry.s            0x00000000   Number         0  entry8b.o ABSOLUTE
    ../clib/microlib/init/entry.s            0x00000000   Number         0  entry8a.o ABSOLUTE
    ../clib/microlib/init/entry.s            0x00000000   Number         0  entry7b.o ABSOLUTE
    ../clib/microlib/init/entry.s            0x00000000   Number         0  entry2.o ABSOLUTE
    ../clib/microlib/init/entry.s            0x00000000   Number         0  entry.o ABSOLUTE
    ../clib/microlib/init/entry.s            0x00000000   Number         0  entry7a.o ABSOLUTE
    ../clib/microlib/init/entry.s            0x00000000   Number         0  entry11b.o ABSOLUTE
    ../clib/microlib/longlong.c              0x00000000   Number         0  llsshr.o ABSOLUTE
    ../clib/microlib/longlong.c              0x00000000   Number         0  llshl.o ABSOLUTE
    ../clib/microlib/longlong.c              0x00000000   Number         0  llushr.o ABSOLUTE
    ../clib/microlib/malloc/malloc.c         0x00000000   Number         0  malloc.o ABSOLUTE
    ../clib/microlib/malloc/malloc.c         0x00000000   Number         0  mallocr.o ABSOLUTE
    ../clib/microlib/malloc/malloc.c         0x00000000   Number         0  mallocra.o ABSOLUTE
    ../clib/microlib/malloc/malloc.c         0x00000000   Number         0  malloca.o ABSOLUTE
    ../clib/microlib/malloc/mvars.c          0x00000000   Number         0  mvars.o ABSOLUTE
    ../clib/microlib/printf/printf.c         0x00000000   Number         0  printf0.o ABSOLUTE
    ../clib/microlib/printf/printf.c         0x00000000   Number         0  printfb.o ABSOLUTE
    ../clib/microlib/printf/printf.c         0x00000000   Number         0  printf4.o ABSOLUTE
    ../clib/microlib/printf/printf.c         0x00000000   Number         0  printf2.o ABSOLUTE
    ../clib/microlib/printf/printf.c         0x00000000   Number         0  printfa.o ABSOLUTE
    ../clib/microlib/printf/printf.c         0x00000000   Number         0  printf1.o ABSOLUTE
    ../clib/microlib/printf/printf.c         0x00000000   Number         0  printf3.o ABSOLUTE
    ../clib/microlib/printf/printf.c         0x00000000   Number         0  printf8.o ABSOLUTE
    ../clib/microlib/printf/printf.c         0x00000000   Number         0  printf7.o ABSOLUTE
    ../clib/microlib/printf/printf.c         0x00000000   Number         0  printf6.o ABSOLUTE
    ../clib/microlib/printf/printf.c         0x00000000   Number         0  printf5.o ABSOLUTE
    ../clib/microlib/printf/stubs.s          0x00000000   Number         0  stubs.o ABSOLUTE
    ../clib/microlib/stdio/fputc.c           0x00000000   Number         0  fputc.o ABSOLUTE
    ../clib/microlib/stdio/semi.s            0x00000000   Number         0  semi.o ABSOLUTE
    ../clib/microlib/stdio/streams.c         0x00000000   Number         0  stdout.o ABSOLUTE
    ../clib/microlib/string/memcpy.c         0x00000000   Number         0  memcpya.o ABSOLUTE
    ../clib/microlib/string/memcpy.c         0x00000000   Number         0  memcpyb.o ABSOLUTE
    ../clib/microlib/string/strcat.c         0x00000000   Number         0  strcat.o ABSOLUTE
    ../clib/microlib/string/strcmp.c         0x00000000   Number         0  strcmp.o ABSOLUTE
    ../clib/microlib/string/strcpy.c         0x00000000   Number         0  strcpy.o ABSOLUTE
    ../clib/microlib/stubs.s                 0x00000000   Number         0  iusefp.o ABSOLUTE
    ../clib/microlib/stubs.s                 0x00000000   Number         0  iusesemip.o ABSOLUTE
    ../fplib/microlib/fpadd.c                0x00000000   Number         0  dadd.o ABSOLUTE
    ../fplib/microlib/fpdiv.c                0x00000000   Number         0  ddiv.o ABSOLUTE
    ../fplib/microlib/fpepilogue.c           0x00000000   Number         0  depilogue.o ABSOLUTE
    ../fplib/microlib/fpfix.c                0x00000000   Number         0  dfixul.o ABSOLUTE
    ../fplib/microlib/fpmul.c                0x00000000   Number         0  dmul.o ABSOLUTE
    ..\Drivers\STM32F7xx_HAL_Driver\Src\stm32f7xx_hal.c 0x00000000   Number         0  stm32f7xx_hal.o ABSOLUTE
    ..\Drivers\STM32F7xx_HAL_Driver\Src\stm32f7xx_hal_cortex.c 0x00000000   Number         0  stm32f7xx_hal_cortex.o ABSOLUTE
    ..\Drivers\STM32F7xx_HAL_Driver\Src\stm32f7xx_hal_dma.c 0x00000000   Number         0  stm32f7xx_hal_dma.o ABSOLUTE
    ..\Drivers\STM32F7xx_HAL_Driver\Src\stm32f7xx_hal_dma_ex.c 0x00000000   Number         0  stm32f7xx_hal_dma_ex.o ABSOLUTE
    ..\Drivers\STM32F7xx_HAL_Driver\Src\stm32f7xx_hal_flash.c 0x00000000   Number         0  stm32f7xx_hal_flash.o ABSOLUTE
    ..\Drivers\STM32F7xx_HAL_Driver\Src\stm32f7xx_hal_flash_ex.c 0x00000000   Number         0  stm32f7xx_hal_flash_ex.o ABSOLUTE
    ..\Drivers\STM32F7xx_HAL_Driver\Src\stm32f7xx_hal_gpio.c 0x00000000   Number         0  stm32f7xx_hal_gpio.o ABSOLUTE
    ..\Drivers\STM32F7xx_HAL_Driver\Src\stm32f7xx_hal_i2c.c 0x00000000   Number         0  stm32f7xx_hal_i2c.o ABSOLUTE
    ..\Drivers\STM32F7xx_HAL_Driver\Src\stm32f7xx_hal_i2c_ex.c 0x00000000   Number         0  stm32f7xx_hal_i2c_ex.o ABSOLUTE
    ..\Drivers\STM32F7xx_HAL_Driver\Src\stm32f7xx_hal_pwr.c 0x00000000   Number         0  stm32f7xx_hal_pwr.o ABSOLUTE
    ..\Drivers\STM32F7xx_HAL_Driver\Src\stm32f7xx_hal_pwr_ex.c 0x00000000   Number         0  stm32f7xx_hal_pwr_ex.o ABSOLUTE
    ..\Drivers\STM32F7xx_HAL_Driver\Src\stm32f7xx_hal_rcc.c 0x00000000   Number         0  stm32f7xx_hal_rcc.o ABSOLUTE
    ..\Drivers\STM32F7xx_HAL_Driver\Src\stm32f7xx_hal_rcc_ex.c 0x00000000   Number         0  stm32f7xx_hal_rcc_ex.o ABSOLUTE
    ..\Drivers\STM32F7xx_HAL_Driver\Src\stm32f7xx_hal_rng.c 0x00000000   Number         0  stm32f7xx_hal_rng.o ABSOLUTE
    ..\Drivers\STM32F7xx_HAL_Driver\Src\stm32f7xx_hal_spi.c 0x00000000   Number         0  stm32f7xx_hal_spi.o ABSOLUTE
    ..\Drivers\STM32F7xx_HAL_Driver\Src\stm32f7xx_hal_tim.c 0x00000000   Number         0  stm32f7xx_hal_tim.o ABSOLUTE
    ..\Drivers\STM32F7xx_HAL_Driver\Src\stm32f7xx_hal_tim_ex.c 0x00000000   Number         0  stm32f7xx_hal_tim_ex.o ABSOLUTE
    ..\Drivers\STM32F7xx_HAL_Driver\Src\stm32f7xx_hal_uart.c 0x00000000   Number         0  stm32f7xx_hal_uart.o ABSOLUTE
    ..\ILI9341\ILI9341_GFX.c                 0x00000000   Number         0  ili9341_gfx.o ABSOLUTE
    ..\ILI9341\ILI9341_STM32_Driver.c        0x00000000   Number         0  ili9341_stm32_driver.o ABSOLUTE
    ..\ILI9341\ILI9341_Touchscreen.c         0x00000000   Number         0  ili9341_touchscreen.o ABSOLUTE
    ..\Src\gpio.c                            0x00000000   Number         0  gpio.o ABSOLUTE
    ..\Src\main.c                            0x00000000   Number         0  main.o ABSOLUTE
    ..\Src\rng.c                             0x00000000   Number         0  rng.o ABSOLUTE
    ..\Src\spi.c                             0x00000000   Number         0  spi.o ABSOLUTE
    ..\Src\stm32f7xx_hal_msp.c               0x00000000   Number         0  stm32f7xx_hal_msp.o ABSOLUTE
    ..\Src\stm32f7xx_it.c                    0x00000000   Number         0  stm32f7xx_it.o ABSOLUTE
    ..\Src\sys.c                             0x00000000   Number         0  sys.o ABSOLUTE
    ..\Src\system_stm32f7xx.c                0x00000000   Number         0  system_stm32f7xx.o ABSOLUTE
    ..\Src\tim.c                             0x00000000   Number         0  tim.o ABSOLUTE
    ..\Src\usart.c                           0x00000000   Number         0  usart.o ABSOLUTE
    ..\\ILI9341\\ILI9341_GFX.c               0x00000000   Number         0  ili9341_gfx.o ABSOLUTE
    ..\\ILI9341\\ILI9341_STM32_Driver.c      0x00000000   Number         0  ili9341_stm32_driver.o ABSOLUTE
    ..\\ILI9341\\ILI9341_Touchscreen.c       0x00000000   Number         0  ili9341_touchscreen.o ABSOLUTE
    cdrcmple.s                               0x00000000   Number         0  cdrcmple.o ABSOLUTE
    dc.s                                     0x00000000   Number         0  dc.o ABSOLUTE
    handlers.s                               0x00000000   Number         0  handlers.o ABSOLUTE
    init.s                                   0x00000000   Number         0  init.o ABSOLUTE
    startup_stm32f767xx.s                    0x00000000   Number         0  startup_stm32f767xx.o ABSOLUTE
    RESET                                    0x08000000   Section      504  startup_stm32f767xx.o(RESET)
    .ARM.Collect$$$$00000000                 0x080001f8   Section        0  entry.o(.ARM.Collect$$$$00000000)
    .ARM.Collect$$$$00000001                 0x080001f8   Section        4  entry2.o(.ARM.Collect$$$$00000001)
    .ARM.Collect$$$$00000004                 0x080001fc   Section        4  entry5.o(.ARM.Collect$$$$00000004)
    .ARM.Collect$$$$00000008                 0x08000200   Section        0  entry7b.o(.ARM.Collect$$$$00000008)
    .ARM.Collect$$$$0000000A                 0x08000200   Section        0  entry8b.o(.ARM.Collect$$$$0000000A)
    .ARM.Collect$$$$0000000B                 0x08000200   Section        8  entry9a.o(.ARM.Collect$$$$0000000B)
    .ARM.Collect$$$$0000000D                 0x08000208   Section        0  entry10a.o(.ARM.Collect$$$$0000000D)
    .ARM.Collect$$$$0000000F                 0x08000208   Section        0  entry11a.o(.ARM.Collect$$$$0000000F)
    .ARM.Collect$$$$00002712                 0x08000208   Section        4  entry2.o(.ARM.Collect$$$$00002712)
    __lit__00000000                          0x08000208   Data           4  entry2.o(.ARM.Collect$$$$00002712)
    .text                                    0x0800020c   Section       36  startup_stm32f767xx.o(.text)
    $v0                                      0x0800020c   Number         0  startup_stm32f767xx.o(.text)
    .text                                    0x08000230   Section        0  uldiv.o(.text)
    .text                                    0x08000292   Section        0  strcat.o(.text)
    .text                                    0x080002aa   Section        0  strcmp.o(.text)
    .text                                    0x080002c6   Section        0  strcpy.o(.text)
    .text                                    0x080002d8   Section        0  llshl.o(.text)
    .text                                    0x080002f6   Section        0  llushr.o(.text)
    .text                                    0x08000318   Section       36  init.o(.text)
    i.EXTI15_10_IRQHandler                   0x0800033c   Section        0  stm32f7xx_it.o(i.EXTI15_10_IRQHandler)
    i.HAL_DMA_Abort_IT                       0x08000362   Section        0  stm32f7xx_hal_dma.o(i.HAL_DMA_Abort_IT)
    i.HAL_Delay                              0x08000388   Section        0  stm32f7xx_hal.o(i.HAL_Delay)
    i.HAL_GPIO_EXTI_Callback                 0x080003ac   Section        0  main.o(i.HAL_GPIO_EXTI_Callback)
    i.HAL_GPIO_EXTI_IRQHandler               0x08000650   Section        0  stm32f7xx_hal_gpio.o(i.HAL_GPIO_EXTI_IRQHandler)
    i.HAL_GPIO_Init                          0x08000668   Section        0  stm32f7xx_hal_gpio.o(i.HAL_GPIO_Init)
    i.HAL_GPIO_ReadPin                       0x08000840   Section        0  stm32f7xx_hal_gpio.o(i.HAL_GPIO_ReadPin)
    i.HAL_GPIO_WritePin                      0x0800084a   Section        0  stm32f7xx_hal_gpio.o(i.HAL_GPIO_WritePin)
    i.HAL_GetTick                            0x08000854   Section        0  stm32f7xx_hal.o(i.HAL_GetTick)
    i.HAL_IncTick                            0x08000860   Section        0  stm32f7xx_hal.o(i.HAL_IncTick)
    i.HAL_Init                               0x08000870   Section        0  stm32f7xx_hal.o(i.HAL_Init)
    i.HAL_InitTick                           0x0800089c   Section        0  stm32f7xx_hal.o(i.HAL_InitTick)
    i.HAL_MspInit                            0x080008dc   Section        0  stm32f7xx_hal_msp.o(i.HAL_MspInit)
    i.HAL_NVIC_EnableIRQ                     0x08000960   Section        0  stm32f7xx_hal_cortex.o(i.HAL_NVIC_EnableIRQ)
    i.HAL_NVIC_SetPriority                   0x08000978   Section        0  stm32f7xx_hal_cortex.o(i.HAL_NVIC_SetPriority)
    i.HAL_NVIC_SetPriorityGrouping           0x080009b8   Section        0  stm32f7xx_hal_cortex.o(i.HAL_NVIC_SetPriorityGrouping)
    i.HAL_PWREx_EnableOverDrive              0x080009dc   Section        0  stm32f7xx_hal_pwr_ex.o(i.HAL_PWREx_EnableOverDrive)
    i.HAL_RCCEx_PeriphCLKConfig              0x08000a48   Section        0  stm32f7xx_hal_rcc_ex.o(i.HAL_RCCEx_PeriphCLKConfig)
    i.HAL_RCC_ClockConfig                    0x08000f84   Section        0  stm32f7xx_hal_rcc.o(i.HAL_RCC_ClockConfig)
    i.HAL_RCC_GetHCLKFreq                    0x080010b0   Section        0  stm32f7xx_hal_rcc.o(i.HAL_RCC_GetHCLKFreq)
    i.HAL_RCC_GetPCLK1Freq                   0x080010bc   Section        0  stm32f7xx_hal_rcc.o(i.HAL_RCC_GetPCLK1Freq)
    i.HAL_RCC_GetPCLK2Freq                   0x080010dc   Section        0  stm32f7xx_hal_rcc.o(i.HAL_RCC_GetPCLK2Freq)
    i.HAL_RCC_GetSysClockFreq                0x080010fc   Section        0  stm32f7xx_hal_rcc.o(i.HAL_RCC_GetSysClockFreq)
    i.HAL_RCC_OscConfig                      0x0800115c   Section        0  stm32f7xx_hal_rcc.o(i.HAL_RCC_OscConfig)
    i.HAL_RNG_Init                           0x08001498   Section        0  stm32f7xx_hal_rng.o(i.HAL_RNG_Init)
    i.HAL_RNG_MspInit                        0x080014c8   Section        0  rng.o(i.HAL_RNG_MspInit)
    i.HAL_SPI_Init                           0x080014f0   Section        0  stm32f7xx_hal_spi.o(i.HAL_SPI_Init)
    i.HAL_SPI_MspInit                        0x080015b4   Section        0  spi.o(i.HAL_SPI_MspInit)
    i.HAL_SPI_Transmit                       0x080015fc   Section        0  stm32f7xx_hal_spi.o(i.HAL_SPI_Transmit)
    i.HAL_SYSTICK_CLKSourceConfig            0x0800173a   Section        0  stm32f7xx_hal_cortex.o(i.HAL_SYSTICK_CLKSourceConfig)
    i.HAL_SYSTICK_Callback                   0x08001752   Section        0  stm32f7xx_hal_cortex.o(i.HAL_SYSTICK_Callback)
    i.HAL_SYSTICK_Config                     0x08001754   Section        0  stm32f7xx_hal_cortex.o(i.HAL_SYSTICK_Config)
    i.HAL_SYSTICK_IRQHandler                 0x0800177a   Section        0  stm32f7xx_hal_cortex.o(i.HAL_SYSTICK_IRQHandler)
    i.HAL_TIMEx_BreakCallback                0x08001782   Section        0  stm32f7xx_hal_tim_ex.o(i.HAL_TIMEx_BreakCallback)
    i.HAL_TIMEx_CommutationCallback          0x08001784   Section        0  stm32f7xx_hal_tim_ex.o(i.HAL_TIMEx_CommutationCallback)
    i.HAL_TIMEx_MasterConfigSynchronization  0x08001788   Section        0  stm32f7xx_hal_tim_ex.o(i.HAL_TIMEx_MasterConfigSynchronization)
    i.HAL_TIM_Base_Init                      0x080017e0   Section        0  stm32f7xx_hal_tim.o(i.HAL_TIM_Base_Init)
    i.HAL_TIM_Base_MspInit                   0x08001818   Section        0  tim.o(i.HAL_TIM_Base_MspInit)
    i.HAL_TIM_Base_Start_IT                  0x0800186c   Section        0  stm32f7xx_hal_tim.o(i.HAL_TIM_Base_Start_IT)
    i.HAL_TIM_ConfigClockSource              0x08001884   Section        0  stm32f7xx_hal_tim.o(i.HAL_TIM_ConfigClockSource)
    i.HAL_TIM_IC_CaptureCallback             0x08001980   Section        0  stm32f7xx_hal_tim.o(i.HAL_TIM_IC_CaptureCallback)
    i.HAL_TIM_IRQHandler                     0x08001982   Section        0  stm32f7xx_hal_tim.o(i.HAL_TIM_IRQHandler)
    i.HAL_TIM_MspPostInit                    0x08001b00   Section        0  tim.o(i.HAL_TIM_MspPostInit)
    i.HAL_TIM_OC_DelayElapsedCallback        0x08001b2c   Section        0  stm32f7xx_hal_tim.o(i.HAL_TIM_OC_DelayElapsedCallback)
    i.HAL_TIM_PWM_ConfigChannel              0x08001b2e   Section        0  stm32f7xx_hal_tim_ex.o(i.HAL_TIM_PWM_ConfigChannel)
    i.HAL_TIM_PWM_Init                       0x08001c56   Section        0  stm32f7xx_hal_tim.o(i.HAL_TIM_PWM_Init)
    i.HAL_TIM_PWM_MspInit                    0x08001c8c   Section        0  stm32f7xx_hal_tim.o(i.HAL_TIM_PWM_MspInit)
    i.HAL_TIM_PWM_PulseFinishedCallback      0x08001c8e   Section        0  stm32f7xx_hal_tim.o(i.HAL_TIM_PWM_PulseFinishedCallback)
    i.HAL_TIM_PWM_Start                      0x08001c90   Section        0  stm32f7xx_hal_tim.o(i.HAL_TIM_PWM_Start)
    i.HAL_TIM_PWM_Stop                       0x08001cc8   Section        0  stm32f7xx_hal_tim.o(i.HAL_TIM_PWM_Stop)
    i.HAL_TIM_PeriodElapsedCallback          0x08001d24   Section        0  stm32f7xx_hal_tim.o(i.HAL_TIM_PeriodElapsedCallback)
    i.HAL_TIM_TriggerCallback                0x08001d26   Section        0  stm32f7xx_hal_tim.o(i.HAL_TIM_TriggerCallback)
    i.HAL_UART_ErrorCallback                 0x08001d28   Section        0  stm32f7xx_hal_uart.o(i.HAL_UART_ErrorCallback)
    i.HAL_UART_IRQHandler                    0x08001d2c   Section        0  stm32f7xx_hal_uart.o(i.HAL_UART_IRQHandler)
    i.HAL_UART_Init                          0x08001ea4   Section        0  stm32f7xx_hal_uart.o(i.HAL_UART_Init)
    i.HAL_UART_MspInit                       0x08001f10   Section        0  usart.o(i.HAL_UART_MspInit)
    i.HAL_UART_RxCpltCallback                0x08001f9c   Section        0  stm32f7xx_hal_uart.o(i.HAL_UART_RxCpltCallback)
    i.HAL_UART_Transmit                      0x08001fa0   Section        0  stm32f7xx_hal_uart.o(i.HAL_UART_Transmit)
    i.HAL_UART_TxCpltCallback                0x08002056   Section        0  stm32f7xx_hal_uart.o(i.HAL_UART_TxCpltCallback)
    i.ILI9341_Draw_Char                      0x08002058   Section        0  ili9341_gfx.o(i.ILI9341_Draw_Char)
    i.ILI9341_Draw_Colour_Burst              0x080020fc   Section        0  ili9341_stm32_driver.o(i.ILI9341_Draw_Colour_Burst)
    i.ILI9341_Draw_Image                     0x080021a0   Section        0  ili9341_gfx.o(i.ILI9341_Draw_Image)
    i.ILI9341_Draw_Pixel                     0x0800234c   Section        0  ili9341_stm32_driver.o(i.ILI9341_Draw_Pixel)
    i.ILI9341_Draw_Rectangle                 0x080024a4   Section        0  ili9341_stm32_driver.o(i.ILI9341_Draw_Rectangle)
    i.ILI9341_Draw_Text                      0x08002504   Section        0  ili9341_gfx.o(i.ILI9341_Draw_Text)
    i.ILI9341_Enable                         0x0800253c   Section        0  ili9341_stm32_driver.o(i.ILI9341_Enable)
    i.ILI9341_Init                           0x0800254c   Section        0  ili9341_stm32_driver.o(i.ILI9341_Init)
    i.ILI9341_Reset                          0x08002764   Section        0  ili9341_stm32_driver.o(i.ILI9341_Reset)
    i.ILI9341_SPI_Init                       0x0800279c   Section        0  ili9341_stm32_driver.o(i.ILI9341_SPI_Init)
    i.ILI9341_SPI_Send                       0x080027bc   Section        0  ili9341_stm32_driver.o(i.ILI9341_SPI_Send)
    i.ILI9341_Set_Address                    0x080027d0   Section        0  ili9341_stm32_driver.o(i.ILI9341_Set_Address)
    i.ILI9341_Set_Rotation                   0x08002824   Section        0  ili9341_stm32_driver.o(i.ILI9341_Set_Rotation)
    i.ILI9341_Write_Command                  0x08002874   Section        0  ili9341_stm32_driver.o(i.ILI9341_Write_Command)
    i.ILI9341_Write_Data                     0x080028ac   Section        0  ili9341_stm32_driver.o(i.ILI9341_Write_Data)
    i.MX_GPIO_Init                           0x080028e0   Section        0  gpio.o(i.MX_GPIO_Init)
    i.MX_RNG_Init                            0x08002a84   Section        0  rng.o(i.MX_RNG_Init)
    i.MX_SPI5_Init                           0x08002abc   Section        0  spi.o(i.MX_SPI5_Init)
    i.MX_TIM1_Init                           0x08002b1c   Section        0  tim.o(i.MX_TIM1_Init)
    i.MX_TIM2_Init                           0x08002b98   Section        0  tim.o(i.MX_TIM2_Init)
    i.MX_UART4_Init                          0x08002c40   Section        0  usart.o(i.MX_UART4_Init)
    i.MX_USART3_UART_Init                    0x08002c90   Section        0  usart.o(i.MX_USART3_UART_Init)
    i.NVIC_SetPriority                       0x08002ce0   Section        0  stm32f7xx_hal_cortex.o(i.NVIC_SetPriority)
    NVIC_SetPriority                         0x08002ce1   Thumb Code    34  stm32f7xx_hal_cortex.o(i.NVIC_SetPriority)
    i.SPI_EndRxTxTransaction                 0x08002d02   Section        0  stm32f7xx_hal_spi.o(i.SPI_EndRxTxTransaction)
    SPI_EndRxTxTransaction                   0x08002d03   Thumb Code    72  stm32f7xx_hal_spi.o(i.SPI_EndRxTxTransaction)
    i.SPI_WaitFifoStateUntilTimeout          0x08002d4a   Section        0  stm32f7xx_hal_spi.o(i.SPI_WaitFifoStateUntilTimeout)
    SPI_WaitFifoStateUntilTimeout            0x08002d4b   Thumb Code   160  stm32f7xx_hal_spi.o(i.SPI_WaitFifoStateUntilTimeout)
    i.SPI_WaitFlagStateUntilTimeout          0x08002dea   Section        0  stm32f7xx_hal_spi.o(i.SPI_WaitFlagStateUntilTimeout)
    SPI_WaitFlagStateUntilTimeout            0x08002deb   Thumb Code   140  stm32f7xx_hal_spi.o(i.SPI_WaitFlagStateUntilTimeout)
    i.SysTick_Handler                        0x08002e76   Section        0  stm32f7xx_it.o(i.SysTick_Handler)
    i.SystemClock_Config                     0x08002e84   Section        0  main.o(i.SystemClock_Config)
    i.SystemInit                             0x08002f44   Section        0  system_stm32f7xx.o(i.SystemInit)
    i.TIM1_UP_TIM10_IRQHandler               0x08002f98   Section        0  stm32f7xx_it.o(i.TIM1_UP_TIM10_IRQHandler)
    i.TIM_Base_SetConfig                     0x08002fbc   Section        0  stm32f7xx_hal_tim.o(i.TIM_Base_SetConfig)
    i.TIM_CCxChannelCmd                      0x08003088   Section        0  stm32f7xx_hal_tim.o(i.TIM_CCxChannelCmd)
    i.TIM_ETR_SetConfig                      0x0800309e   Section        0  stm32f7xx_hal_tim.o(i.TIM_ETR_SetConfig)
    i.TIM_ITRx_SetConfig                     0x080030b0   Section        0  stm32f7xx_hal_tim.o(i.TIM_ITRx_SetConfig)
    TIM_ITRx_SetConfig                       0x080030b1   Thumb Code    16  stm32f7xx_hal_tim.o(i.TIM_ITRx_SetConfig)
    i.TIM_OC1_SetConfig                      0x080030c0   Section        0  stm32f7xx_hal_tim.o(i.TIM_OC1_SetConfig)
    i.TIM_OC2_SetConfig                      0x08003128   Section        0  stm32f7xx_hal_tim.o(i.TIM_OC2_SetConfig)
    i.TIM_OC3_SetConfig                      0x08003194   Section        0  stm32f7xx_hal_tim.o(i.TIM_OC3_SetConfig)
    i.TIM_OC4_SetConfig                      0x08003200   Section        0  stm32f7xx_hal_tim.o(i.TIM_OC4_SetConfig)
    i.TIM_OC5_SetConfig                      0x08003258   Section        0  stm32f7xx_hal_tim_ex.o(i.TIM_OC5_SetConfig)
    TIM_OC5_SetConfig                        0x08003259   Thumb Code    74  stm32f7xx_hal_tim_ex.o(i.TIM_OC5_SetConfig)
    i.TIM_OC6_SetConfig                      0x080032b0   Section        0  stm32f7xx_hal_tim_ex.o(i.TIM_OC6_SetConfig)
    TIM_OC6_SetConfig                        0x080032b1   Thumb Code    74  stm32f7xx_hal_tim_ex.o(i.TIM_OC6_SetConfig)
    i.TIM_TI1_ConfigInputStage               0x08003308   Section        0  stm32f7xx_hal_tim.o(i.TIM_TI1_ConfigInputStage)
    TIM_TI1_ConfigInputStage                 0x08003309   Thumb Code    34  stm32f7xx_hal_tim.o(i.TIM_TI1_ConfigInputStage)
    i.TIM_TI2_ConfigInputStage               0x0800332a   Section        0  stm32f7xx_hal_tim.o(i.TIM_TI2_ConfigInputStage)
    TIM_TI2_ConfigInputStage                 0x0800332b   Thumb Code    36  stm32f7xx_hal_tim.o(i.TIM_TI2_ConfigInputStage)
    i.TP_Read                                0x08003350   Section        0  ili9341_touchscreen.o(i.TP_Read)
    i.TP_Read_Coordinates                    0x08003398   Section        0  ili9341_touchscreen.o(i.TP_Read_Coordinates)
    i.TP_Touchpad_Pressed                    0x08003488   Section        0  ili9341_touchscreen.o(i.TP_Touchpad_Pressed)
    i.TP_Write                               0x080034a0   Section        0  ili9341_touchscreen.o(i.TP_Write)
    i.UART4_IRQHandler                       0x080034ec   Section        0  stm32f7xx_it.o(i.UART4_IRQHandler)
    i.UART_AdvFeatureConfig                  0x080034f8   Section        0  stm32f7xx_hal_uart.o(i.UART_AdvFeatureConfig)
    i.UART_CheckIdleState                    0x080035c0   Section        0  stm32f7xx_hal_uart.o(i.UART_CheckIdleState)
    i.UART_DMAAbortOnError                   0x08003600   Section        0  stm32f7xx_hal_uart.o(i.UART_DMAAbortOnError)
    UART_DMAAbortOnError                     0x08003601   Thumb Code    20  stm32f7xx_hal_uart.o(i.UART_DMAAbortOnError)
    i.UART_EndRxTransfer                     0x08003614   Section        0  stm32f7xx_hal_uart.o(i.UART_EndRxTransfer)
    UART_EndRxTransfer                       0x08003615   Thumb Code    28  stm32f7xx_hal_uart.o(i.UART_EndRxTransfer)
    i.UART_Receive_IT                        0x08003630   Section        0  stm32f7xx_hal_uart.o(i.UART_Receive_IT)
    UART_Receive_IT                          0x08003631   Thumb Code   120  stm32f7xx_hal_uart.o(i.UART_Receive_IT)
    i.UART_SetConfig                         0x080036a8   Section        0  stm32f7xx_hal_uart.o(i.UART_SetConfig)
    i.UART_WaitOnFlagUntilTimeout            0x08003900   Section        0  stm32f7xx_hal_uart.o(i.UART_WaitOnFlagUntilTimeout)
    i._Error_Handler                         0x08003964   Section        0  main.o(i._Error_Handler)
    i.__0sprintf$2                           0x08003968   Section        0  printf2.o(i.__0sprintf$2)
    i.__scatterload_copy                     0x08003990   Section       14  handlers.o(i.__scatterload_copy)
    i.__scatterload_null                     0x0800399e   Section        2  handlers.o(i.__scatterload_null)
    i.__scatterload_zeroinit                 0x080039a0   Section       14  handlers.o(i.__scatterload_zeroinit)
    i._printf_core                           0x080039ae   Section        0  printf2.o(i._printf_core)
    _printf_core                             0x080039af   Thumb Code   214  printf2.o(i._printf_core)
    i._sputc                                 0x08003a84   Section        0  printf2.o(i._sputc)
    _sputc                                   0x08003a85   Thumb Code    10  printf2.o(i._sputc)
    i.free                                   0x08003a90   Section        0  malloc.o(i.free)
    i.limitSwitch                            0x08003ae0   Section        0  main.o(i.limitSwitch)
    i.main                                   0x08003d2c   Section        0  main.o(i.main)
    i.malloc                                 0x080041dc   Section        0  malloc.o(i.malloc)
    .constdata                               0x08004248   Section      576  ili9341_gfx.o(.constdata)
    font                                     0x08004248   Data         576  ili9341_gfx.o(.constdata)
    .constdata                               0x08004488   Section    153600  main.o(.constdata)
    st_key                                   0x08004488   Data       153600  main.o(.constdata)
    .constdata                               0x08029c88   Section       16  system_stm32f7xx.o(.constdata)
    .constdata                               0x08029c98   Section        8  system_stm32f7xx.o(.constdata)
    .data                                    0x20000000   Section        4  ili9341_stm32_driver.o(.data)
    .data                                    0x20000004   Section       16  main.o(.data)
    .data                                    0x20000014   Section       12  stm32f7xx_hal.o(.data)
    .data                                    0x20000020   Section        4  system_stm32f7xx.o(.data)
    .data                                    0x20000024   Section        4  mvars.o(.data)
    .data                                    0x20000028   Section        4  mvars.o(.data)
    .bss                                     0x2000002c   Section      100  main.o(.bss)
    .bss                                     0x20000090   Section       12  rng.o(.bss)
    .bss                                     0x2000009c   Section      100  spi.o(.bss)
    .bss                                     0x20000100   Section      128  tim.o(.bss)
    .bss                                     0x20000180   Section      224  usart.o(.bss)
    HEAP                                     0x20000260   Section      512  startup_stm32f767xx.o(HEAP)
    STACK                                    0x20000460   Section     1024  startup_stm32f767xx.o(STACK)

    Global Symbols

    Symbol Name                              Value     Ov Type        Size  Object(Section)

    BuildAttributes$$THM_ISAv4$E$P$D$K$B$S$7EM$VFPv5_D16$PE$PLD8$A:L22UL41UL21$X:L11$S22US41US21$IEEE1$IW$USESV6$~STKCKD$USESV7$~SHL$OSPACE$ROPI$EBA8$MICROLIB$REQ8$PRES8$EABIv2 0x00000000   Number         0  anon$$obj.o ABSOLUTE
    __ARM_use_no_argv                        0x00000000   Number         0  main.o ABSOLUTE
    _printf_a                                0x00000000   Number         0  stubs.o ABSOLUTE
    _printf_c                                0x00000000   Number         0  stubs.o ABSOLUTE
    _printf_charcount                        0x00000000   Number         0  stubs.o ABSOLUTE
    _printf_d                                0x00000000   Number         0  stubs.o ABSOLUTE
    _printf_e                                0x00000000   Number         0  stubs.o ABSOLUTE
    _printf_f                                0x00000000   Number         0  stubs.o ABSOLUTE
    _printf_flags                            0x00000000   Number         0  stubs.o ABSOLUTE
    _printf_fp_dec                           0x00000000   Number         0  stubs.o ABSOLUTE
    _printf_fp_hex                           0x00000000   Number         0  stubs.o ABSOLUTE
    _printf_g                                0x00000000   Number         0  stubs.o ABSOLUTE
    _printf_i                                0x00000000   Number         0  stubs.o ABSOLUTE
    _printf_int_dec                          0x00000000   Number         0  stubs.o ABSOLUTE
    _printf_l                                0x00000000   Number         0  stubs.o ABSOLUTE
    _printf_lc                               0x00000000   Number         0  stubs.o ABSOLUTE
    _printf_ll                               0x00000000   Number         0  stubs.o ABSOLUTE
    _printf_lld                              0x00000000   Number         0  stubs.o ABSOLUTE
    _printf_lli                              0x00000000   Number         0  stubs.o ABSOLUTE
    _printf_llo                              0x00000000   Number         0  stubs.o ABSOLUTE
    _printf_llu                              0x00000000   Number         0  stubs.o ABSOLUTE
    _printf_llx                              0x00000000   Number         0  stubs.o ABSOLUTE
    _printf_longlong_dec                     0x00000000   Number         0  stubs.o ABSOLUTE
    _printf_longlong_hex                     0x00000000   Number         0  stubs.o ABSOLUTE
    _printf_longlong_oct                     0x00000000   Number         0  stubs.o ABSOLUTE
    _printf_ls                               0x00000000   Number         0  stubs.o ABSOLUTE
    _printf_mbtowc                           0x00000000   Number         0  stubs.o ABSOLUTE
    _printf_n                                0x00000000   Number         0  stubs.o ABSOLUTE
    _printf_o                                0x00000000   Number         0  stubs.o ABSOLUTE
    _printf_p                                0x00000000   Number         0  stubs.o ABSOLUTE
    _printf_percent                          0x00000000   Number         0  stubs.o ABSOLUTE
    _printf_pre_padding                      0x00000000   Number         0  stubs.o ABSOLUTE
    _printf_return_value                     0x00000000   Number         0  stubs.o ABSOLUTE
    _printf_s                                0x00000000   Number         0  stubs.o ABSOLUTE
    _printf_sizespec                         0x00000000   Number         0  stubs.o ABSOLUTE
    _printf_str                              0x00000000   Number         0  stubs.o ABSOLUTE
    _printf_truncate_signed                  0x00000000   Number         0  stubs.o ABSOLUTE
    _printf_truncate_unsigned                0x00000000   Number         0  stubs.o ABSOLUTE
    _printf_u                                0x00000000   Number         0  stubs.o ABSOLUTE
    _printf_wc                               0x00000000   Number         0  stubs.o ABSOLUTE
    _printf_wctomb                           0x00000000   Number         0  stubs.o ABSOLUTE
    _printf_widthprec                        0x00000000   Number         0  stubs.o ABSOLUTE
    _printf_x                                0x00000000   Number         0  stubs.o ABSOLUTE
    __cpp_initialize__aeabi_                  - Undefined Weak Reference
    __cxa_finalize                            - Undefined Weak Reference
    __decompress                              - Undefined Weak Reference
    _clock_init                               - Undefined Weak Reference
    _microlib_exit                            - Undefined Weak Reference
    __Vectors_Size                           0x000001f8   Number         0  startup_stm32f767xx.o ABSOLUTE
    __Vectors                                0x08000000   Data           4  startup_stm32f767xx.o(RESET)
    __Vectors_End                            0x080001f8   Data           0  startup_stm32f767xx.o(RESET)
    __main                                   0x080001f9   Thumb Code     0  entry.o(.ARM.Collect$$$$00000000)
    _main_stk                                0x080001f9   Thumb Code     0  entry2.o(.ARM.Collect$$$$00000001)
    _main_scatterload                        0x080001fd   Thumb Code     0  entry5.o(.ARM.Collect$$$$00000004)
    __main_after_scatterload                 0x08000201   Thumb Code     0  entry5.o(.ARM.Collect$$$$00000004)
    _main_clock                              0x08000201   Thumb Code     0  entry7b.o(.ARM.Collect$$$$00000008)
    _main_cpp_init                           0x08000201   Thumb Code     0  entry8b.o(.ARM.Collect$$$$0000000A)
    _main_init                               0x08000201   Thumb Code     0  entry9a.o(.ARM.Collect$$$$0000000B)
    __rt_final_cpp                           0x08000209   Thumb Code     0  entry10a.o(.ARM.Collect$$$$0000000D)
    __rt_final_exit                          0x08000209   Thumb Code     0  entry11a.o(.ARM.Collect$$$$0000000F)
    Reset_Handler                            0x0800020d   Thumb Code     8  startup_stm32f767xx.o(.text)
    NMI_Handler                              0x08000215   Thumb Code     2  startup_stm32f767xx.o(.text)
    HardFault_Handler                        0x08000217   Thumb Code     2  startup_stm32f767xx.o(.text)
    MemManage_Handler                        0x08000219   Thumb Code     2  startup_stm32f767xx.o(.text)
    BusFault_Handler                         0x0800021b   Thumb Code     2  startup_stm32f767xx.o(.text)
    UsageFault_Handler                       0x0800021d   Thumb Code     2  startup_stm32f767xx.o(.text)
    SVC_Handler                              0x0800021f   Thumb Code     2  startup_stm32f767xx.o(.text)
    DebugMon_Handler                         0x08000221   Thumb Code     2  startup_stm32f767xx.o(.text)
    PendSV_Handler                           0x08000223   Thumb Code     2  startup_stm32f767xx.o(.text)
    ADC_IRQHandler                           0x08000227   Thumb Code     0  startup_stm32f767xx.o(.text)
    CAN1_RX0_IRQHandler                      0x08000227   Thumb Code     0  startup_stm32f767xx.o(.text)
    CAN1_RX1_IRQHandler                      0x08000227   Thumb Code     0  startup_stm32f767xx.o(.text)
    CAN1_SCE_IRQHandler                      0x08000227   Thumb Code     0  startup_stm32f767xx.o(.text)
    CAN1_TX_IRQHandler                       0x08000227   Thumb Code     0  startup_stm32f767xx.o(.text)
    CAN2_RX0_IRQHandler                      0x08000227   Thumb Code     0  startup_stm32f767xx.o(.text)
    CAN2_RX1_IRQHandler                      0x08000227   Thumb Code     0  startup_stm32f767xx.o(.text)
    CAN2_SCE_IRQHandler                      0x08000227   Thumb Code     0  startup_stm32f767xx.o(.text)
    CAN2_TX_IRQHandler                       0x08000227   Thumb Code     0  startup_stm32f767xx.o(.text)
    CAN3_RX0_IRQHandler                      0x08000227   Thumb Code     0  startup_stm32f767xx.o(.text)
    CAN3_RX1_IRQHandler                      0x08000227   Thumb Code     0  startup_stm32f767xx.o(.text)
    CAN3_SCE_IRQHandler                      0x08000227   Thumb Code     0  startup_stm32f767xx.o(.text)
    CAN3_TX_IRQHandler                       0x08000227   Thumb Code     0  startup_stm32f767xx.o(.text)
    CEC_IRQHandler                           0x08000227   Thumb Code     0  startup_stm32f767xx.o(.text)
    DCMI_IRQHandler                          0x08000227   Thumb Code     0  startup_stm32f767xx.o(.text)
    DFSDM1_FLT0_IRQHandler                   0x08000227   Thumb Code     0  startup_stm32f767xx.o(.text)
    DFSDM1_FLT1_IRQHandler                   0x08000227   Thumb Code     0  startup_stm32f767xx.o(.text)
    DFSDM1_FLT2_IRQHandler                   0x08000227   Thumb Code     0  startup_stm32f767xx.o(.text)
    DFSDM1_FLT3_IRQHandler                   0x08000227   Thumb Code     0  startup_stm32f767xx.o(.text)
    DMA1_Stream0_IRQHandler                  0x08000227   Thumb Code     0  startup_stm32f767xx.o(.text)
    DMA1_Stream1_IRQHandler                  0x08000227   Thumb Code     0  startup_stm32f767xx.o(.text)
    DMA1_Stream2_IRQHandler                  0x08000227   Thumb Code     0  startup_stm32f767xx.o(.text)
    DMA1_Stream3_IRQHandler                  0x08000227   Thumb Code     0  startup_stm32f767xx.o(.text)
    DMA1_Stream4_IRQHandler                  0x08000227   Thumb Code     0  startup_stm32f767xx.o(.text)
    DMA1_Stream5_IRQHandler                  0x08000227   Thumb Code     0  startup_stm32f767xx.o(.text)
    DMA1_Stream6_IRQHandler                  0x08000227   Thumb Code     0  startup_stm32f767xx.o(.text)
    DMA1_Stream7_IRQHandler                  0x08000227   Thumb Code     0  startup_stm32f767xx.o(.text)
    DMA2D_IRQHandler                         0x08000227   Thumb Code     0  startup_stm32f767xx.o(.text)
    DMA2_Stream0_IRQHandler                  0x08000227   Thumb Code     0  startup_stm32f767xx.o(.text)
    DMA2_Stream1_IRQHandler                  0x08000227   Thumb Code     0  startup_stm32f767xx.o(.text)
    DMA2_Stream2_IRQHandler                  0x08000227   Thumb Code     0  startup_stm32f767xx.o(.text)
    DMA2_Stream3_IRQHandler                  0x08000227   Thumb Code     0  startup_stm32f767xx.o(.text)
    DMA2_Stream4_IRQHandler                  0x08000227   Thumb Code     0  startup_stm32f767xx.o(.text)
    DMA2_Stream5_IRQHandler                  0x08000227   Thumb Code     0  startup_stm32f767xx.o(.text)
    DMA2_Stream6_IRQHandler                  0x08000227   Thumb Code     0  startup_stm32f767xx.o(.text)
    DMA2_Stream7_IRQHandler                  0x08000227   Thumb Code     0  startup_stm32f767xx.o(.text)
    ETH_IRQHandler                           0x08000227   Thumb Code     0  startup_stm32f767xx.o(.text)
    ETH_WKUP_IRQHandler                      0x08000227   Thumb Code     0  startup_stm32f767xx.o(.text)
    EXTI0_IRQHandler                         0x08000227   Thumb Code     0  startup_stm32f767xx.o(.text)
    EXTI1_IRQHandler                         0x08000227   Thumb Code     0  startup_stm32f767xx.o(.text)
    EXTI2_IRQHandler                         0x08000227   Thumb Code     0  startup_stm32f767xx.o(.text)
    EXTI3_IRQHandler                         0x08000227   Thumb Code     0  startup_stm32f767xx.o(.text)
    EXTI4_IRQHandler                         0x08000227   Thumb Code     0  startup_stm32f767xx.o(.text)
    EXTI9_5_IRQHandler                       0x08000227   Thumb Code     0  startup_stm32f767xx.o(.text)
    FLASH_IRQHandler                         0x08000227   Thumb Code     0  startup_stm32f767xx.o(.text)
    FMC_IRQHandler                           0x08000227   Thumb Code     0  startup_stm32f767xx.o(.text)
    FPU_IRQHandler                           0x08000227   Thumb Code     0  startup_stm32f767xx.o(.text)
    I2C1_ER_IRQHandler                       0x08000227   Thumb Code     0  startup_stm32f767xx.o(.text)
    I2C1_EV_IRQHandler                       0x08000227   Thumb Code     0  startup_stm32f767xx.o(.text)
    I2C2_ER_IRQHandler                       0x08000227   Thumb Code     0  startup_stm32f767xx.o(.text)
    I2C2_EV_IRQHandler                       0x08000227   Thumb Code     0  startup_stm32f767xx.o(.text)
    I2C3_ER_IRQHandler                       0x08000227   Thumb Code     0  startup_stm32f767xx.o(.text)
    I2C3_EV_IRQHandler                       0x08000227   Thumb Code     0  startup_stm32f767xx.o(.text)
    I2C4_ER_IRQHandler                       0x08000227   Thumb Code     0  startup_stm32f767xx.o(.text)
    I2C4_EV_IRQHandler                       0x08000227   Thumb Code     0  startup_stm32f767xx.o(.text)
    JPEG_IRQHandler                          0x08000227   Thumb Code     0  startup_stm32f767xx.o(.text)
    LPTIM1_IRQHandler                        0x08000227   Thumb Code     0  startup_stm32f767xx.o(.text)
    LTDC_ER_IRQHandler                       0x08000227   Thumb Code     0  startup_stm32f767xx.o(.text)
    LTDC_IRQHandler                          0x08000227   Thumb Code     0  startup_stm32f767xx.o(.text)
    MDIOS_IRQHandler                         0x08000227   Thumb Code     0  startup_stm32f767xx.o(.text)
    OTG_FS_IRQHandler                        0x08000227   Thumb Code     0  startup_stm32f767xx.o(.text)
    OTG_FS_WKUP_IRQHandler                   0x08000227   Thumb Code     0  startup_stm32f767xx.o(.text)
    OTG_HS_EP1_IN_IRQHandler                 0x08000227   Thumb Code     0  startup_stm32f767xx.o(.text)
    OTG_HS_EP1_OUT_IRQHandler                0x08000227   Thumb Code     0  startup_stm32f767xx.o(.text)
    OTG_HS_IRQHandler                        0x08000227   Thumb Code     0  startup_stm32f767xx.o(.text)
    OTG_HS_WKUP_IRQHandler                   0x08000227   Thumb Code     0  startup_stm32f767xx.o(.text)
    PVD_IRQHandler                           0x08000227   Thumb Code     0  startup_stm32f767xx.o(.text)
    QUADSPI_IRQHandler                       0x08000227   Thumb Code     0  startup_stm32f767xx.o(.text)
    RCC_IRQHandler                           0x08000227   Thumb Code     0  startup_stm32f767xx.o(.text)
    RNG_IRQHandler                           0x08000227   Thumb Code     0  startup_stm32f767xx.o(.text)
    RTC_Alarm_IRQHandler                     0x08000227   Thumb Code     0  startup_stm32f767xx.o(.text)
    RTC_WKUP_IRQHandler                      0x08000227   Thumb Code     0  startup_stm32f767xx.o(.text)
    SAI1_IRQHandler                          0x08000227   Thumb Code     0  startup_stm32f767xx.o(.text)
    SAI2_IRQHandler                          0x08000227   Thumb Code     0  startup_stm32f767xx.o(.text)
    SDMMC1_IRQHandler                        0x08000227   Thumb Code     0  startup_stm32f767xx.o(.text)
    SDMMC2_IRQHandler                        0x08000227   Thumb Code     0  startup_stm32f767xx.o(.text)
    SPDIF_RX_IRQHandler                      0x08000227   Thumb Code     0  startup_stm32f767xx.o(.text)
    SPI1_IRQHandler                          0x08000227   Thumb Code     0  startup_stm32f767xx.o(.text)
    SPI2_IRQHandler                          0x08000227   Thumb Code     0  startup_stm32f767xx.o(.text)
    SPI3_IRQHandler                          0x08000227   Thumb Code     0  startup_stm32f767xx.o(.text)
    SPI4_IRQHandler                          0x08000227   Thumb Code     0  startup_stm32f767xx.o(.text)
    SPI5_IRQHandler                          0x08000227   Thumb Code     0  startup_stm32f767xx.o(.text)
    SPI6_IRQHandler                          0x08000227   Thumb Code     0  startup_stm32f767xx.o(.text)
    TAMP_STAMP_IRQHandler                    0x08000227   Thumb Code     0  startup_stm32f767xx.o(.text)
    TIM1_BRK_TIM9_IRQHandler                 0x08000227   Thumb Code     0  startup_stm32f767xx.o(.text)
    TIM1_CC_IRQHandler                       0x08000227   Thumb Code     0  startup_stm32f767xx.o(.text)
    TIM1_TRG_COM_TIM11_IRQHandler            0x08000227   Thumb Code     0  startup_stm32f767xx.o(.text)
    TIM2_IRQHandler                          0x08000227   Thumb Code     0  startup_stm32f767xx.o(.text)
    TIM3_IRQHandler                          0x08000227   Thumb Code     0  startup_stm32f767xx.o(.text)
    TIM4_IRQHandler                          0x08000227   Thumb Code     0  startup_stm32f767xx.o(.text)
    TIM5_IRQHandler                          0x08000227   Thumb Code     0  startup_stm32f767xx.o(.text)
    TIM6_DAC_IRQHandler                      0x08000227   Thumb Code     0  startup_stm32f767xx.o(.text)
    TIM7_IRQHandler                          0x08000227   Thumb Code     0  startup_stm32f767xx.o(.text)
    TIM8_BRK_TIM12_IRQHandler                0x08000227   Thumb Code     0  startup_stm32f767xx.o(.text)
    TIM8_CC_IRQHandler                       0x08000227   Thumb Code     0  startup_stm32f767xx.o(.text)
    TIM8_TRG_COM_TIM14_IRQHandler            0x08000227   Thumb Code     0  startup_stm32f767xx.o(.text)
    TIM8_UP_TIM13_IRQHandler                 0x08000227   Thumb Code     0  startup_stm32f767xx.o(.text)
    UART5_IRQHandler                         0x08000227   Thumb Code     0  startup_stm32f767xx.o(.text)
    UART7_IRQHandler                         0x08000227   Thumb Code     0  startup_stm32f767xx.o(.text)
    UART8_IRQHandler                         0x08000227   Thumb Code     0  startup_stm32f767xx.o(.text)
    USART1_IRQHandler                        0x08000227   Thumb Code     0  startup_stm32f767xx.o(.text)
    USART2_IRQHandler                        0x08000227   Thumb Code     0  startup_stm32f767xx.o(.text)
    USART3_IRQHandler                        0x08000227   Thumb Code     0  startup_stm32f767xx.o(.text)
    USART6_IRQHandler                        0x08000227   Thumb Code     0  startup_stm32f767xx.o(.text)
    WWDG_IRQHandler                          0x08000227   Thumb Code     0  startup_stm32f767xx.o(.text)
    __aeabi_uldivmod                         0x08000231   Thumb Code    98  uldiv.o(.text)
    strcat                                   0x08000293   Thumb Code    24  strcat.o(.text)
    strcmp                                   0x080002ab   Thumb Code    28  strcmp.o(.text)
    strcpy                                   0x080002c7   Thumb Code    18  strcpy.o(.text)
    __aeabi_llsl                             0x080002d9   Thumb Code    30  llshl.o(.text)
    _ll_shift_l                              0x080002d9   Thumb Code     0  llshl.o(.text)
    __aeabi_llsr                             0x080002f7   Thumb Code    32  llushr.o(.text)
    _ll_ushift_r                             0x080002f7   Thumb Code     0  llushr.o(.text)
    __scatterload                            0x08000319   Thumb Code    28  init.o(.text)
    __scatterload_rt2                        0x08000319   Thumb Code     0  init.o(.text)
    EXTI15_10_IRQHandler                     0x0800033d   Thumb Code    38  stm32f7xx_it.o(i.EXTI15_10_IRQHandler)
    HAL_DMA_Abort_IT                         0x08000363   Thumb Code    36  stm32f7xx_hal_dma.o(i.HAL_DMA_Abort_IT)
    HAL_Delay                                0x08000389   Thumb Code    32  stm32f7xx_hal.o(i.HAL_Delay)
    HAL_GPIO_EXTI_Callback                   0x080003ad   Thumb Code   590  main.o(i.HAL_GPIO_EXTI_Callback)
    HAL_GPIO_EXTI_IRQHandler                 0x08000651   Thumb Code    18  stm32f7xx_hal_gpio.o(i.HAL_GPIO_EXTI_IRQHandler)
    HAL_GPIO_Init                            0x08000669   Thumb Code   418  stm32f7xx_hal_gpio.o(i.HAL_GPIO_Init)
    HAL_GPIO_ReadPin                         0x08000841   Thumb Code    10  stm32f7xx_hal_gpio.o(i.HAL_GPIO_ReadPin)
    HAL_GPIO_WritePin                        0x0800084b   Thumb Code    10  stm32f7xx_hal_gpio.o(i.HAL_GPIO_WritePin)
    HAL_GetTick                              0x08000855   Thumb Code     6  stm32f7xx_hal.o(i.HAL_GetTick)
    HAL_IncTick                              0x08000861   Thumb Code    12  stm32f7xx_hal.o(i.HAL_IncTick)
    HAL_Init                                 0x08000871   Thumb Code    40  stm32f7xx_hal.o(i.HAL_Init)
    HAL_InitTick                             0x0800089d   Thumb Code    54  stm32f7xx_hal.o(i.HAL_InitTick)
    HAL_MspInit                              0x080008dd   Thumb Code   126  stm32f7xx_hal_msp.o(i.HAL_MspInit)
    HAL_NVIC_EnableIRQ                       0x08000961   Thumb Code    22  stm32f7xx_hal_cortex.o(i.HAL_NVIC_EnableIRQ)
    HAL_NVIC_SetPriority                     0x08000979   Thumb Code    60  stm32f7xx_hal_cortex.o(i.HAL_NVIC_SetPriority)
    HAL_NVIC_SetPriorityGrouping             0x080009b9   Thumb Code    28  stm32f7xx_hal_cortex.o(i.HAL_NVIC_SetPriorityGrouping)
    HAL_PWREx_EnableOverDrive                0x080009dd   Thumb Code   100  stm32f7xx_hal_pwr_ex.o(i.HAL_PWREx_EnableOverDrive)
    HAL_RCCEx_PeriphCLKConfig                0x08000a49   Thumb Code  1336  stm32f7xx_hal_rcc_ex.o(i.HAL_RCCEx_PeriphCLKConfig)
    HAL_RCC_ClockConfig                      0x08000f85   Thumb Code   282  stm32f7xx_hal_rcc.o(i.HAL_RCC_ClockConfig)
    HAL_RCC_GetHCLKFreq                      0x080010b1   Thumb Code     6  stm32f7xx_hal_rcc.o(i.HAL_RCC_GetHCLKFreq)
    HAL_RCC_GetPCLK1Freq                     0x080010bd   Thumb Code    20  stm32f7xx_hal_rcc.o(i.HAL_RCC_GetPCLK1Freq)
    HAL_RCC_GetPCLK2Freq                     0x080010dd   Thumb Code    20  stm32f7xx_hal_rcc.o(i.HAL_RCC_GetPCLK2Freq)
    HAL_RCC_GetSysClockFreq                  0x080010fd   Thumb Code    88  stm32f7xx_hal_rcc.o(i.HAL_RCC_GetSysClockFreq)
    HAL_RCC_OscConfig                        0x0800115d   Thumb Code   814  stm32f7xx_hal_rcc.o(i.HAL_RCC_OscConfig)
    HAL_RNG_Init                             0x08001499   Thumb Code    48  stm32f7xx_hal_rng.o(i.HAL_RNG_Init)
    HAL_RNG_MspInit                          0x080014c9   Thumb Code    30  rng.o(i.HAL_RNG_MspInit)
    HAL_SPI_Init                             0x080014f1   Thumb Code   196  stm32f7xx_hal_spi.o(i.HAL_SPI_Init)
    HAL_SPI_MspInit                          0x080015b5   Thumb Code    58  spi.o(i.HAL_SPI_MspInit)
    HAL_SPI_Transmit                         0x080015fd   Thumb Code   318  stm32f7xx_hal_spi.o(i.HAL_SPI_Transmit)
    HAL_SYSTICK_CLKSourceConfig              0x0800173b   Thumb Code    24  stm32f7xx_hal_cortex.o(i.HAL_SYSTICK_CLKSourceConfig)
    HAL_SYSTICK_Callback                     0x08001753   Thumb Code     2  stm32f7xx_hal_cortex.o(i.HAL_SYSTICK_Callback)
    HAL_SYSTICK_Config                       0x08001755   Thumb Code    38  stm32f7xx_hal_cortex.o(i.HAL_SYSTICK_Config)
    HAL_SYSTICK_IRQHandler                   0x0800177b   Thumb Code     8  stm32f7xx_hal_cortex.o(i.HAL_SYSTICK_IRQHandler)
    HAL_TIMEx_BreakCallback                  0x08001783   Thumb Code     2  stm32f7xx_hal_tim_ex.o(i.HAL_TIMEx_BreakCallback)
    HAL_TIMEx_CommutationCallback            0x08001785   Thumb Code     2  stm32f7xx_hal_tim_ex.o(i.HAL_TIMEx_CommutationCallback)
    HAL_TIMEx_MasterConfigSynchronization    0x08001789   Thumb Code    78  stm32f7xx_hal_tim_ex.o(i.HAL_TIMEx_MasterConfigSynchronization)
    HAL_TIM_Base_Init                        0x080017e1   Thumb Code    54  stm32f7xx_hal_tim.o(i.HAL_TIM_Base_Init)
    HAL_TIM_Base_MspInit                     0x08001819   Thumb Code    76  tim.o(i.HAL_TIM_Base_MspInit)
    HAL_TIM_Base_Start_IT                    0x0800186d   Thumb Code    24  stm32f7xx_hal_tim.o(i.HAL_TIM_Base_Start_IT)
    HAL_TIM_ConfigClockSource                0x08001885   Thumb Code   246  stm32f7xx_hal_tim.o(i.HAL_TIM_ConfigClockSource)
    HAL_TIM_IC_CaptureCallback               0x08001981   Thumb Code     2  stm32f7xx_hal_tim.o(i.HAL_TIM_IC_CaptureCallback)
    HAL_TIM_IRQHandler                       0x08001983   Thumb Code   382  stm32f7xx_hal_tim.o(i.HAL_TIM_IRQHandler)
    HAL_TIM_MspPostInit                      0x08001b01   Thumb Code    40  tim.o(i.HAL_TIM_MspPostInit)
    HAL_TIM_OC_DelayElapsedCallback          0x08001b2d   Thumb Code     2  stm32f7xx_hal_tim.o(i.HAL_TIM_OC_DelayElapsedCallback)
    HAL_TIM_PWM_ConfigChannel                0x08001b2f   Thumb Code   296  stm32f7xx_hal_tim_ex.o(i.HAL_TIM_PWM_ConfigChannel)
    HAL_TIM_PWM_Init                         0x08001c57   Thumb Code    54  stm32f7xx_hal_tim.o(i.HAL_TIM_PWM_Init)
    HAL_TIM_PWM_MspInit                      0x08001c8d   Thumb Code     2  stm32f7xx_hal_tim.o(i.HAL_TIM_PWM_MspInit)
    HAL_TIM_PWM_PulseFinishedCallback        0x08001c8f   Thumb Code     2  stm32f7xx_hal_tim.o(i.HAL_TIM_PWM_PulseFinishedCallback)
    HAL_TIM_PWM_Start                        0x08001c91   Thumb Code    48  stm32f7xx_hal_tim.o(i.HAL_TIM_PWM_Start)
    HAL_TIM_PWM_Stop                         0x08001cc9   Thumb Code    84  stm32f7xx_hal_tim.o(i.HAL_TIM_PWM_Stop)
    HAL_TIM_PeriodElapsedCallback            0x08001d25   Thumb Code     2  stm32f7xx_hal_tim.o(i.HAL_TIM_PeriodElapsedCallback)
    HAL_TIM_TriggerCallback                  0x08001d27   Thumb Code     2  stm32f7xx_hal_tim.o(i.HAL_TIM_TriggerCallback)
    HAL_UART_ErrorCallback                   0x08001d29   Thumb Code     2  stm32f7xx_hal_uart.o(i.HAL_UART_ErrorCallback)
    HAL_UART_IRQHandler                      0x08001d2d   Thumb Code   372  stm32f7xx_hal_uart.o(i.HAL_UART_IRQHandler)
    HAL_UART_Init                            0x08001ea5   Thumb Code   106  stm32f7xx_hal_uart.o(i.HAL_UART_Init)
    HAL_UART_MspInit                         0x08001f11   Thumb Code   122  usart.o(i.HAL_UART_MspInit)
    HAL_UART_RxCpltCallback                  0x08001f9d   Thumb Code     2  stm32f7xx_hal_uart.o(i.HAL_UART_RxCpltCallback)
    HAL_UART_Transmit                        0x08001fa1   Thumb Code   182  stm32f7xx_hal_uart.o(i.HAL_UART_Transmit)
    HAL_UART_TxCpltCallback                  0x08002057   Thumb Code     2  stm32f7xx_hal_uart.o(i.HAL_UART_TxCpltCallback)
    ILI9341_Draw_Char                        0x08002059   Thumb Code   160  ili9341_gfx.o(i.ILI9341_Draw_Char)
    ILI9341_Draw_Colour_Burst                0x080020fd   Thumb Code   154  ili9341_stm32_driver.o(i.ILI9341_Draw_Colour_Burst)
    ILI9341_Draw_Image                       0x080021a1   Thumb Code   418  ili9341_gfx.o(i.ILI9341_Draw_Image)
    ILI9341_Draw_Pixel                       0x0800234d   Thumb Code   332  ili9341_stm32_driver.o(i.ILI9341_Draw_Pixel)
    ILI9341_Draw_Rectangle                   0x080024a5   Thumb Code    90  ili9341_stm32_driver.o(i.ILI9341_Draw_Rectangle)
    ILI9341_Draw_Text                        0x08002505   Thumb Code    54  ili9341_gfx.o(i.ILI9341_Draw_Text)
    ILI9341_Enable                           0x0800253d   Thumb Code    10  ili9341_stm32_driver.o(i.ILI9341_Enable)
    ILI9341_Init                             0x0800254d   Thumb Code   536  ili9341_stm32_driver.o(i.ILI9341_Init)
    ILI9341_Reset                            0x08002765   Thumb Code    52  ili9341_stm32_driver.o(i.ILI9341_Reset)
    ILI9341_SPI_Init                         0x0800279d   Thumb Code    26  ili9341_stm32_driver.o(i.ILI9341_SPI_Init)
    ILI9341_SPI_Send                         0x080027bd   Thumb Code    16  ili9341_stm32_driver.o(i.ILI9341_SPI_Send)
    ILI9341_Set_Address                      0x080027d1   Thumb Code    82  ili9341_stm32_driver.o(i.ILI9341_Set_Address)
    ILI9341_Set_Rotation                     0x08002825   Thumb Code    76  ili9341_stm32_driver.o(i.ILI9341_Set_Rotation)
    ILI9341_Write_Command                    0x08002875   Thumb Code    50  ili9341_stm32_driver.o(i.ILI9341_Write_Command)
    ILI9341_Write_Data                       0x080028ad   Thumb Code    48  ili9341_stm32_driver.o(i.ILI9341_Write_Data)
    MX_GPIO_Init                             0x080028e1   Thumb Code   396  gpio.o(i.MX_GPIO_Init)
    MX_RNG_Init                              0x08002a85   Thumb Code    32  rng.o(i.MX_RNG_Init)
    MX_SPI5_Init                             0x08002abd   Thumb Code    70  spi.o(i.MX_SPI5_Init)
    MX_TIM1_Init                             0x08002b1d   Thumb Code    98  tim.o(i.MX_TIM1_Init)
    MX_TIM2_Init                             0x08002b99   Thumb Code   148  tim.o(i.MX_TIM2_Init)
    MX_UART4_Init                            0x08002c41   Thumb Code    56  usart.o(i.MX_UART4_Init)
    MX_USART3_UART_Init                      0x08002c91   Thumb Code    56  usart.o(i.MX_USART3_UART_Init)
    SysTick_Handler                          0x08002e77   Thumb Code    14  stm32f7xx_it.o(i.SysTick_Handler)
    SystemClock_Config                       0x08002e85   Thumb Code   178  main.o(i.SystemClock_Config)
    SystemInit                               0x08002f45   Thumb Code    68  system_stm32f7xx.o(i.SystemInit)
    TIM1_UP_TIM10_IRQHandler                 0x08002f99   Thumb Code    28  stm32f7xx_it.o(i.TIM1_UP_TIM10_IRQHandler)
    TIM_Base_SetConfig                       0x08002fbd   Thumb Code   158  stm32f7xx_hal_tim.o(i.TIM_Base_SetConfig)
    TIM_CCxChannelCmd                        0x08003089   Thumb Code    22  stm32f7xx_hal_tim.o(i.TIM_CCxChannelCmd)
    TIM_ETR_SetConfig                        0x0800309f   Thumb Code    18  stm32f7xx_hal_tim.o(i.TIM_ETR_SetConfig)
    TIM_OC1_SetConfig                        0x080030c1   Thumb Code    90  stm32f7xx_hal_tim.o(i.TIM_OC1_SetConfig)
    TIM_OC2_SetConfig                        0x08003129   Thumb Code    96  stm32f7xx_hal_tim.o(i.TIM_OC2_SetConfig)
    TIM_OC3_SetConfig                        0x08003195   Thumb Code    96  stm32f7xx_hal_tim.o(i.TIM_OC3_SetConfig)
    TIM_OC4_SetConfig                        0x08003201   Thumb Code    76  stm32f7xx_hal_tim.o(i.TIM_OC4_SetConfig)
    TP_Read                                  0x08003351   Thumb Code    68  ili9341_touchscreen.o(i.TP_Read)
    TP_Read_Coordinates                      0x08003399   Thumb Code   228  ili9341_touchscreen.o(i.TP_Read_Coordinates)
    TP_Touchpad_Pressed                      0x08003489   Thumb Code    20  ili9341_touchscreen.o(i.TP_Touchpad_Pressed)
    TP_Write                                 0x080034a1   Thumb Code    70  ili9341_touchscreen.o(i.TP_Write)
    UART4_IRQHandler                         0x080034ed   Thumb Code     6  stm32f7xx_it.o(i.UART4_IRQHandler)
    UART_AdvFeatureConfig                    0x080034f9   Thumb Code   200  stm32f7xx_hal_uart.o(i.UART_AdvFeatureConfig)
    UART_CheckIdleState                      0x080035c1   Thumb Code    64  stm32f7xx_hal_uart.o(i.UART_CheckIdleState)
    UART_SetConfig                           0x080036a9   Thumb Code   550  stm32f7xx_hal_uart.o(i.UART_SetConfig)
    UART_WaitOnFlagUntilTimeout              0x08003901   Thumb Code   100  stm32f7xx_hal_uart.o(i.UART_WaitOnFlagUntilTimeout)
    _Error_Handler                           0x08003965   Thumb Code     2  main.o(i._Error_Handler)
    __0sprintf$2                             0x08003969   Thumb Code    34  printf2.o(i.__0sprintf$2)
    __1sprintf$2                             0x08003969   Thumb Code     0  printf2.o(i.__0sprintf$2)
    __2sprintf                               0x08003969   Thumb Code     0  printf2.o(i.__0sprintf$2)
    __scatterload_copy                       0x08003991   Thumb Code    14  handlers.o(i.__scatterload_copy)
    __scatterload_null                       0x0800399f   Thumb Code     2  handlers.o(i.__scatterload_null)
    __scatterload_zeroinit                   0x080039a1   Thumb Code    14  handlers.o(i.__scatterload_zeroinit)
    free                                     0x08003a91   Thumb Code    76  malloc.o(i.free)
    limitSwitch                              0x08003ae1   Thumb Code   534  main.o(i.limitSwitch)
    main                                     0x08003d2d   Thumb Code  1196  main.o(i.main)
    malloc                                   0x080041dd   Thumb Code    92  malloc.o(i.malloc)
    AHBPrescTable                            0x08029c88   Data          16  system_stm32f7xx.o(.constdata)
    APBPrescTable                            0x08029c98   Data           8  system_stm32f7xx.o(.constdata)
    Region$$Table$$Base                      0x08029ca0   Number         0  anon$$obj.o(Region$$Table)
    Region$$Table$$Limit                     0x08029cc0   Number         0  anon$$obj.o(Region$$Table)
    LCD_HEIGHT                               0x20000000   Data           2  ili9341_stm32_driver.o(.data)
    LCD_WIDTH                                0x20000002   Data           2  ili9341_stm32_driver.o(.data)
    sts_irq_exti_11                          0x20000004   Data           1  main.o(.data)
    sts_irq_exti_10                          0x20000005   Data           1  main.o(.data)
    sts_irq_exti_14                          0x20000006   Data           1  main.o(.data)
    sts_irq_exti_15                          0x20000007   Data           1  main.o(.data)
    st_touch                                 0x20000008   Data           1  main.o(.data)
    sts_count                                0x2000000a   Data           2  main.o(.data)
    count_time                               0x2000000c   Data           2  main.o(.data)
    myPassword                               0x2000000e   Data           6  main.o(.data)
    uwTickFreq                               0x20000014   Data           1  stm32f7xx_hal.o(.data)
    uwTickPrio                               0x20000018   Data           4  stm32f7xx_hal.o(.data)
    uwTick                                   0x2000001c   Data           4  stm32f7xx_hal.o(.data)
    SystemCoreClock                          0x20000020   Data           4  system_stm32f7xx.o(.data)
    __microlib_freelist                      0x20000024   Data           4  mvars.o(.data)
    __microlib_freelist_initialised          0x20000028   Data           4  mvars.o(.data)
    pass_temp                                0x2000002c   Data          30  main.o(.bss)
    password                                 0x2000004a   Data          30  main.o(.bss)
    clear_temp                               0x20000068   Data          10  main.o(.bss)
    display_notShow                          0x20000072   Data          30  main.o(.bss)
    hrng                                     0x20000090   Data          12  rng.o(.bss)
    hspi5                                    0x2000009c   Data         100  spi.o(.bss)
    htim1                                    0x20000100   Data          64  tim.o(.bss)
    htim2                                    0x20000140   Data          64  tim.o(.bss)
    huart4                                   0x20000180   Data         112  usart.o(.bss)
    huart3                                   0x200001f0   Data         112  usart.o(.bss)
    __heap_base                              0x20000260   Data           0  startup_stm32f767xx.o(HEAP)
    __heap_limit                             0x20000460   Data           0  startup_stm32f767xx.o(HEAP)
    __initial_sp                             0x20000860   Data           0  startup_stm32f767xx.o(STACK)



==============================================================================

Memory Map of the image

  Image Entry point : 0x080001f9

  Load Region LR_IROM1 (Base: 0x08000000, Size: 0x00029cec, Max: 0x00200000, ABSOLUTE)

    Execution Region ER_IROM1 (Exec base: 0x08000000, Load base: 0x08000000, Size: 0x00029cc0, Max: 0x00200000, ABSOLUTE)

    Exec Addr    Load Addr    Size         Type   Attr      Idx    E Section Name        Object

    0x08000000   0x08000000   0x000001f8   Data   RO            3    RESET               startup_stm32f767xx.o
    0x080001f8   0x080001f8   0x00000000   Code   RO         3971  * .ARM.Collect$$$$00000000  mc_w.l(entry.o)
    0x080001f8   0x080001f8   0x00000004   Code   RO         4271    .ARM.Collect$$$$00000001  mc_w.l(entry2.o)
    0x080001fc   0x080001fc   0x00000004   Code   RO         4274    .ARM.Collect$$$$00000004  mc_w.l(entry5.o)
    0x08000200   0x08000200   0x00000000   Code   RO         4276    .ARM.Collect$$$$00000008  mc_w.l(entry7b.o)
    0x08000200   0x08000200   0x00000000   Code   RO         4278    .ARM.Collect$$$$0000000A  mc_w.l(entry8b.o)
    0x08000200   0x08000200   0x00000008   Code   RO         4279    .ARM.Collect$$$$0000000B  mc_w.l(entry9a.o)
    0x08000208   0x08000208   0x00000000   Code   RO         4281    .ARM.Collect$$$$0000000D  mc_w.l(entry10a.o)
    0x08000208   0x08000208   0x00000000   Code   RO         4283    .ARM.Collect$$$$0000000F  mc_w.l(entry11a.o)
    0x08000208   0x08000208   0x00000004   Code   RO         4272    .ARM.Collect$$$$00002712  mc_w.l(entry2.o)
    0x0800020c   0x0800020c   0x00000024   Code   RO            4    .text               startup_stm32f767xx.o
    0x08000230   0x08000230   0x00000062   Code   RO         3974    .text               mc_w.l(uldiv.o)
    0x08000292   0x08000292   0x00000018   Code   RO         3976    .text               mc_w.l(strcat.o)
    0x080002aa   0x080002aa   0x0000001c   Code   RO         3978    .text               mc_w.l(strcmp.o)
    0x080002c6   0x080002c6   0x00000012   Code   RO         3980    .text               mc_w.l(strcpy.o)
    0x080002d8   0x080002d8   0x0000001e   Code   RO         4290    .text               mc_w.l(llshl.o)
    0x080002f6   0x080002f6   0x00000020   Code   RO         4292    .text               mc_w.l(llushr.o)
    0x08000316   0x08000316   0x00000002   PAD
    0x08000318   0x08000318   0x00000024   Code   RO         4311    .text               mc_w.l(init.o)
    0x0800033c   0x0800033c   0x00000026   Code   RO          666    i.EXTI15_10_IRQHandler  stm32f7xx_it.o
    0x08000362   0x08000362   0x00000024   Code   RO         1381    i.HAL_DMA_Abort_IT  stm32f7xx_hal_dma.o
    0x08000386   0x08000386   0x00000002   PAD
    0x08000388   0x08000388   0x00000024   Code   RO         1747    i.HAL_Delay         stm32f7xx_hal.o
    0x080003ac   0x080003ac   0x000002a4   Code   RO          355    i.HAL_GPIO_EXTI_Callback  main.o
    0x08000650   0x08000650   0x00000018   Code   RO         1313    i.HAL_GPIO_EXTI_IRQHandler  stm32f7xx_hal_gpio.o
    0x08000668   0x08000668   0x000001d8   Code   RO         1314    i.HAL_GPIO_Init     stm32f7xx_hal_gpio.o
    0x08000840   0x08000840   0x0000000a   Code   RO         1316    i.HAL_GPIO_ReadPin  stm32f7xx_hal_gpio.o
    0x0800084a   0x0800084a   0x0000000a   Code   RO         1318    i.HAL_GPIO_WritePin  stm32f7xx_hal_gpio.o
    0x08000854   0x08000854   0x0000000c   Code   RO         1757    i.HAL_GetTick       stm32f7xx_hal.o
    0x08000860   0x08000860   0x00000010   Code   RO         1763    i.HAL_IncTick       stm32f7xx_hal.o
    0x08000870   0x08000870   0x0000002c   Code   RO         1764    i.HAL_Init          stm32f7xx_hal.o
    0x0800089c   0x0800089c   0x00000040   Code   RO         1765    i.HAL_InitTick      stm32f7xx_hal.o
    0x080008dc   0x080008dc   0x00000084   Code   RO          712    i.HAL_MspInit       stm32f7xx_hal_msp.o
    0x08000960   0x08000960   0x00000016   Code   RO          741    i.HAL_NVIC_EnableIRQ  stm32f7xx_hal_cortex.o
    0x08000976   0x08000976   0x00000002   PAD
    0x08000978   0x08000978   0x00000040   Code   RO          747    i.HAL_NVIC_SetPriority  stm32f7xx_hal_cortex.o
    0x080009b8   0x080009b8   0x00000024   Code   RO          748    i.HAL_NVIC_SetPriorityGrouping  stm32f7xx_hal_cortex.o
    0x080009dc   0x080009dc   0x0000006c   Code   RO         1654    i.HAL_PWREx_EnableOverDrive  stm32f7xx_hal_pwr_ex.o
    0x08000a48   0x08000a48   0x0000053c   Code   RO         1075    i.HAL_RCCEx_PeriphCLKConfig  stm32f7xx_hal_rcc_ex.o
    0x08000f84   0x08000f84   0x0000012c   Code   RO          968    i.HAL_RCC_ClockConfig  stm32f7xx_hal_rcc.o
    0x080010b0   0x080010b0   0x0000000c   Code   RO          973    i.HAL_RCC_GetHCLKFreq  stm32f7xx_hal_rcc.o
    0x080010bc   0x080010bc   0x00000020   Code   RO          975    i.HAL_RCC_GetPCLK1Freq  stm32f7xx_hal_rcc.o
    0x080010dc   0x080010dc   0x00000020   Code   RO          976    i.HAL_RCC_GetPCLK2Freq  stm32f7xx_hal_rcc.o
    0x080010fc   0x080010fc   0x00000060   Code   RO          977    i.HAL_RCC_GetSysClockFreq  stm32f7xx_hal_rcc.o
    0x0800115c   0x0800115c   0x0000033c   Code   RO          980    i.HAL_RCC_OscConfig  stm32f7xx_hal_rcc.o
    0x08001498   0x08001498   0x00000030   Code   RO          879    i.HAL_RNG_Init      stm32f7xx_hal_rng.o
    0x080014c8   0x080014c8   0x00000028   Code   RO          454    i.HAL_RNG_MspInit   rng.o
    0x080014f0   0x080014f0   0x000000c4   Code   RO         2428    i.HAL_SPI_Init      stm32f7xx_hal_spi.o
    0x080015b4   0x080015b4   0x00000048   Code   RO          496    i.HAL_SPI_MspInit   spi.o
    0x080015fc   0x080015fc   0x0000013e   Code   RO         2436    i.HAL_SPI_Transmit  stm32f7xx_hal_spi.o
    0x0800173a   0x0800173a   0x00000018   Code   RO          750    i.HAL_SYSTICK_CLKSourceConfig  stm32f7xx_hal_cortex.o
    0x08001752   0x08001752   0x00000002   Code   RO          751    i.HAL_SYSTICK_Callback  stm32f7xx_hal_cortex.o
    0x08001754   0x08001754   0x00000026   Code   RO          752    i.HAL_SYSTICK_Config  stm32f7xx_hal_cortex.o
    0x0800177a   0x0800177a   0x00000008   Code   RO          753    i.HAL_SYSTICK_IRQHandler  stm32f7xx_hal_cortex.o
    0x08001782   0x08001782   0x00000002   Code   RO         3378    i.HAL_TIMEx_BreakCallback  stm32f7xx_hal_tim_ex.o
    0x08001784   0x08001784   0x00000002   Code   RO         3379    i.HAL_TIMEx_CommutationCallback  stm32f7xx_hal_tim_ex.o
    0x08001786   0x08001786   0x00000002   PAD
    0x08001788   0x08001788   0x00000058   Code   RO         3397    i.HAL_TIMEx_MasterConfigSynchronization  stm32f7xx_hal_tim_ex.o
    0x080017e0   0x080017e0   0x00000036   Code   RO         2746    i.HAL_TIM_Base_Init  stm32f7xx_hal_tim.o
    0x08001816   0x08001816   0x00000002   PAD
    0x08001818   0x08001818   0x00000054   Code   RO          565    i.HAL_TIM_Base_MspInit  tim.o
    0x0800186c   0x0800186c   0x00000018   Code   RO         2751    i.HAL_TIM_Base_Start_IT  stm32f7xx_hal_tim.o
    0x08001884   0x08001884   0x000000fc   Code   RO         2755    i.HAL_TIM_ConfigClockSource  stm32f7xx_hal_tim.o
    0x08001980   0x08001980   0x00000002   Code   RO         2775    i.HAL_TIM_IC_CaptureCallback  stm32f7xx_hal_tim.o
    0x08001982   0x08001982   0x0000017e   Code   RO         2788    i.HAL_TIM_IRQHandler  stm32f7xx_hal_tim.o
    0x08001b00   0x08001b00   0x0000002c   Code   RO          566    i.HAL_TIM_MspPostInit  tim.o
    0x08001b2c   0x08001b2c   0x00000002   Code   RO         2791    i.HAL_TIM_OC_DelayElapsedCallback  stm32f7xx_hal_tim.o
    0x08001b2e   0x08001b2e   0x00000128   Code   RO         3417    i.HAL_TIM_PWM_ConfigChannel  stm32f7xx_hal_tim_ex.o
    0x08001c56   0x08001c56   0x00000036   Code   RO         2815    i.HAL_TIM_PWM_Init  stm32f7xx_hal_tim.o
    0x08001c8c   0x08001c8c   0x00000002   Code   RO         2817    i.HAL_TIM_PWM_MspInit  stm32f7xx_hal_tim.o
    0x08001c8e   0x08001c8e   0x00000002   Code   RO         2818    i.HAL_TIM_PWM_PulseFinishedCallback  stm32f7xx_hal_tim.o
    0x08001c90   0x08001c90   0x00000038   Code   RO         2819    i.HAL_TIM_PWM_Start  stm32f7xx_hal_tim.o
    0x08001cc8   0x08001cc8   0x0000005c   Code   RO         2822    i.HAL_TIM_PWM_Stop  stm32f7xx_hal_tim.o
    0x08001d24   0x08001d24   0x00000002   Code   RO         2825    i.HAL_TIM_PeriodElapsedCallback  stm32f7xx_hal_tim.o
    0x08001d26   0x08001d26   0x00000002   Code   RO         2829    i.HAL_TIM_TriggerCallback  stm32f7xx_hal_tim.o
    0x08001d28   0x08001d28   0x00000002   Code   RO         3672    i.HAL_UART_ErrorCallback  stm32f7xx_hal_uart.o
    0x08001d2a   0x08001d2a   0x00000002   PAD
    0x08001d2c   0x08001d2c   0x00000178   Code   RO         3675    i.HAL_UART_IRQHandler  stm32f7xx_hal_uart.o
    0x08001ea4   0x08001ea4   0x0000006a   Code   RO         3676    i.HAL_UART_Init     stm32f7xx_hal_uart.o
    0x08001f0e   0x08001f0e   0x00000002   PAD
    0x08001f10   0x08001f10   0x0000008c   Code   RO          619    i.HAL_UART_MspInit  usart.o
    0x08001f9c   0x08001f9c   0x00000002   Code   RO         3682    i.HAL_UART_RxCpltCallback  stm32f7xx_hal_uart.o
    0x08001f9e   0x08001f9e   0x00000002   PAD
    0x08001fa0   0x08001fa0   0x000000b6   Code   RO         3684    i.HAL_UART_Transmit  stm32f7xx_hal_uart.o
    0x08002056   0x08002056   0x00000002   Code   RO         3687    i.HAL_UART_TxCpltCallback  stm32f7xx_hal_uart.o
    0x08002058   0x08002058   0x000000a4   Code   RO           13    i.ILI9341_Draw_Char  ili9341_gfx.o
    0x080020fc   0x080020fc   0x000000a4   Code   RO          195    i.ILI9341_Draw_Colour_Burst  ili9341_stm32_driver.o
    0x080021a0   0x080021a0   0x000001ac   Code   RO           18    i.ILI9341_Draw_Image  ili9341_gfx.o
    0x0800234c   0x0800234c   0x00000158   Code   RO          197    i.ILI9341_Draw_Pixel  ili9341_stm32_driver.o
    0x080024a4   0x080024a4   0x00000060   Code   RO          198    i.ILI9341_Draw_Rectangle  ili9341_stm32_driver.o
    0x08002504   0x08002504   0x00000036   Code   RO           19    i.ILI9341_Draw_Text  ili9341_gfx.o
    0x0800253a   0x0800253a   0x00000002   PAD
    0x0800253c   0x0800253c   0x00000010   Code   RO          200    i.ILI9341_Enable    ili9341_stm32_driver.o
    0x0800254c   0x0800254c   0x00000218   Code   RO          202    i.ILI9341_Init      ili9341_stm32_driver.o
    0x08002764   0x08002764   0x00000038   Code   RO          203    i.ILI9341_Reset     ili9341_stm32_driver.o
    0x0800279c   0x0800279c   0x00000020   Code   RO          204    i.ILI9341_SPI_Init  ili9341_stm32_driver.o
    0x080027bc   0x080027bc   0x00000014   Code   RO          205    i.ILI9341_SPI_Send  ili9341_stm32_driver.o
    0x080027d0   0x080027d0   0x00000052   Code   RO          206    i.ILI9341_Set_Address  ili9341_stm32_driver.o
    0x08002822   0x08002822   0x00000002   PAD
    0x08002824   0x08002824   0x00000050   Code   RO          207    i.ILI9341_Set_Rotation  ili9341_stm32_driver.o
    0x08002874   0x08002874   0x00000038   Code   RO          208    i.ILI9341_Write_Command  ili9341_stm32_driver.o
    0x080028ac   0x080028ac   0x00000034   Code   RO          209    i.ILI9341_Write_Data  ili9341_stm32_driver.o
    0x080028e0   0x080028e0   0x000001a4   Code   RO          429    i.MX_GPIO_Init      gpio.o
    0x08002a84   0x08002a84   0x00000038   Code   RO          455    i.MX_RNG_Init       rng.o
    0x08002abc   0x08002abc   0x00000060   Code   RO          497    i.MX_SPI5_Init      spi.o
    0x08002b1c   0x08002b1c   0x0000007c   Code   RO          567    i.MX_TIM1_Init      tim.o
    0x08002b98   0x08002b98   0x000000a8   Code   RO          568    i.MX_TIM2_Init      tim.o
    0x08002c40   0x08002c40   0x00000050   Code   RO          620    i.MX_UART4_Init     usart.o
    0x08002c90   0x08002c90   0x00000050   Code   RO          621    i.MX_USART3_UART_Init  usart.o
    0x08002ce0   0x08002ce0   0x00000022   Code   RO          754    i.NVIC_SetPriority  stm32f7xx_hal_cortex.o
    0x08002d02   0x08002d02   0x00000048   Code   RO         2466    i.SPI_EndRxTxTransaction  stm32f7xx_hal_spi.o
    0x08002d4a   0x08002d4a   0x000000a0   Code   RO         2471    i.SPI_WaitFifoStateUntilTimeout  stm32f7xx_hal_spi.o
    0x08002dea   0x08002dea   0x0000008c   Code   RO         2472    i.SPI_WaitFlagStateUntilTimeout  stm32f7xx_hal_spi.o
    0x08002e76   0x08002e76   0x0000000e   Code   RO          667    i.SysTick_Handler   stm32f7xx_it.o
    0x08002e84   0x08002e84   0x000000c0   Code   RO          356    i.SystemClock_Config  main.o
    0x08002f44   0x08002f44   0x00000054   Code   RO         3937    i.SystemInit        system_stm32f7xx.o
    0x08002f98   0x08002f98   0x00000024   Code   RO          668    i.TIM1_UP_TIM10_IRQHandler  stm32f7xx_it.o
    0x08002fbc   0x08002fbc   0x000000cc   Code   RO         2830    i.TIM_Base_SetConfig  stm32f7xx_hal_tim.o
    0x08003088   0x08003088   0x00000016   Code   RO         2831    i.TIM_CCxChannelCmd  stm32f7xx_hal_tim.o
    0x0800309e   0x0800309e   0x00000012   Code   RO         2837    i.TIM_ETR_SetConfig  stm32f7xx_hal_tim.o
    0x080030b0   0x080030b0   0x00000010   Code   RO         2838    i.TIM_ITRx_SetConfig  stm32f7xx_hal_tim.o
    0x080030c0   0x080030c0   0x00000068   Code   RO         2839    i.TIM_OC1_SetConfig  stm32f7xx_hal_tim.o
    0x08003128   0x08003128   0x0000006c   Code   RO         2840    i.TIM_OC2_SetConfig  stm32f7xx_hal_tim.o
    0x08003194   0x08003194   0x0000006c   Code   RO         2841    i.TIM_OC3_SetConfig  stm32f7xx_hal_tim.o
    0x08003200   0x08003200   0x00000058   Code   RO         2842    i.TIM_OC4_SetConfig  stm32f7xx_hal_tim.o
    0x08003258   0x08003258   0x00000058   Code   RO         3420    i.TIM_OC5_SetConfig  stm32f7xx_hal_tim_ex.o
    0x080032b0   0x080032b0   0x00000058   Code   RO         3421    i.TIM_OC6_SetConfig  stm32f7xx_hal_tim_ex.o
    0x08003308   0x08003308   0x00000022   Code   RO         2844    i.TIM_TI1_ConfigInputStage  stm32f7xx_hal_tim.o
    0x0800332a   0x0800332a   0x00000024   Code   RO         2846    i.TIM_TI2_ConfigInputStage  stm32f7xx_hal_tim.o
    0x0800334e   0x0800334e   0x00000002   PAD
    0x08003350   0x08003350   0x00000048   Code   RO          310    i.TP_Read           ili9341_touchscreen.o
    0x08003398   0x08003398   0x000000f0   Code   RO          311    i.TP_Read_Coordinates  ili9341_touchscreen.o
    0x08003488   0x08003488   0x00000018   Code   RO          312    i.TP_Touchpad_Pressed  ili9341_touchscreen.o
    0x080034a0   0x080034a0   0x0000004c   Code   RO          313    i.TP_Write          ili9341_touchscreen.o
    0x080034ec   0x080034ec   0x0000000c   Code   RO          669    i.UART4_IRQHandler  stm32f7xx_it.o
    0x080034f8   0x080034f8   0x000000c8   Code   RO         3689    i.UART_AdvFeatureConfig  stm32f7xx_hal_uart.o
    0x080035c0   0x080035c0   0x00000040   Code   RO         3690    i.UART_CheckIdleState  stm32f7xx_hal_uart.o
    0x08003600   0x08003600   0x00000014   Code   RO         3691    i.UART_DMAAbortOnError  stm32f7xx_hal_uart.o
    0x08003614   0x08003614   0x0000001c   Code   RO         3697    i.UART_EndRxTransfer  stm32f7xx_hal_uart.o
    0x08003630   0x08003630   0x00000078   Code   RO         3699    i.UART_Receive_IT   stm32f7xx_hal_uart.o
    0x080036a8   0x080036a8   0x00000258   Code   RO         3700    i.UART_SetConfig    stm32f7xx_hal_uart.o
    0x08003900   0x08003900   0x00000064   Code   RO         3701    i.UART_WaitOnFlagUntilTimeout  stm32f7xx_hal_uart.o
    0x08003964   0x08003964   0x00000002   Code   RO          357    i._Error_Handler    main.o
    0x08003966   0x08003966   0x00000002   PAD
    0x08003968   0x08003968   0x00000028   Code   RO         4051    i.__0sprintf$2      mc_w.l(printf2.o)
    0x08003990   0x08003990   0x0000000e   Code   RO         4321    i.__scatterload_copy  mc_w.l(handlers.o)
    0x0800399e   0x0800399e   0x00000002   Code   RO         4322    i.__scatterload_null  mc_w.l(handlers.o)
    0x080039a0   0x080039a0   0x0000000e   Code   RO         4323    i.__scatterload_zeroinit  mc_w.l(handlers.o)
    0x080039ae   0x080039ae   0x000000d6   Code   RO         4056    i._printf_core      mc_w.l(printf2.o)
    0x08003a84   0x08003a84   0x0000000a   Code   RO         4058    i._sputc            mc_w.l(printf2.o)
    0x08003a8e   0x08003a8e   0x00000002   PAD
    0x08003a90   0x08003a90   0x00000050   Code   RO         4243    i.free              mc_w.l(malloc.o)
    0x08003ae0   0x08003ae0   0x0000024c   Code   RO          358    i.limitSwitch       main.o
    0x08003d2c   0x08003d2c   0x000004b0   Code   RO          359    i.main              main.o
    0x080041dc   0x080041dc   0x0000006c   Code   RO         4244    i.malloc            mc_w.l(malloc.o)
    0x08004248   0x08004248   0x00000240   Data   RO           20    .constdata          ili9341_gfx.o
    0x08004488   0x08004488   0x00025800   Data   RO          361    .constdata          main.o
    0x08029c88   0x08029c88   0x00000010   Data   RO         3938    .constdata          system_stm32f7xx.o
    0x08029c98   0x08029c98   0x00000008   Data   RO         3939    .constdata          system_stm32f7xx.o
    0x08029ca0   0x08029ca0   0x00000020   Data   RO         4319    Region$$Table       anon$$obj.o


    Execution Region RW_IRAM1 (Exec base: 0x20000000, Load base: 0x08029cc0, Size: 0x00000860, Max: 0x00080000, ABSOLUTE)

    Exec Addr    Load Addr    Size         Type   Attr      Idx    E Section Name        Object

    0x20000000   0x08029cc0   0x00000004   Data   RW          210    .data               ili9341_stm32_driver.o
    0x20000004   0x08029cc4   0x00000010   Data   RW          362    .data               main.o
    0x20000014   0x08029cd4   0x0000000c   Data   RW         1771    .data               stm32f7xx_hal.o
    0x20000020   0x08029ce0   0x00000004   Data   RW         3940    .data               system_stm32f7xx.o
    0x20000024   0x08029ce4   0x00000004   Data   RW         4298    .data               mc_w.l(mvars.o)
    0x20000028   0x08029ce8   0x00000004   Data   RW         4299    .data               mc_w.l(mvars.o)
    0x2000002c        -       0x00000064   Zero   RW          360    .bss                main.o
    0x20000090        -       0x0000000c   Zero   RW          456    .bss                rng.o
    0x2000009c        -       0x00000064   Zero   RW          498    .bss                spi.o
    0x20000100        -       0x00000080   Zero   RW          569    .bss                tim.o
    0x20000180        -       0x000000e0   Zero   RW          622    .bss                usart.o
    0x20000260        -       0x00000200   Zero   RW            2    HEAP                startup_stm32f767xx.o
    0x20000460        -       0x00000400   Zero   RW            1    STACK               startup_stm32f767xx.o


==============================================================================

Image component sizes


      Code (inc. data)   RO Data    RW Data    ZI Data      Debug   Object Name

       420         24          0          0          0       1227   gpio.o
       646         14        576          0          0     867465   ili9341_gfx.o
      1534         62          0          4          0       9293   ili9341_stm32_driver.o
       412         26          0          0          0       3381   ili9341_touchscreen.o
      2658        290     153600         16        100      37862   main.o
        96         34          0          0         12       1555   rng.o
       168         40          0          0        100       1709   spi.o
        36          8        504          0       1536        856   startup_stm32f767xx.o
       172         28          0         12          0       4113   stm32f7xx_hal.o
       228         12          0          0          0      37393   stm32f7xx_hal_cortex.o
        36          0          0          0          0       1263   stm32f7xx_hal_dma.o
       516         60          0          0          0       3958   stm32f7xx_hal_gpio.o
       132          6          0          0          0        938   stm32f7xx_hal_msp.o
       108          8          0          0          0       1304   stm32f7xx_hal_pwr_ex.o
      1300         70          0          0          0       5720   stm32f7xx_hal_rcc.o
      1340         22          0          0          0       2360   stm32f7xx_hal_rcc_ex.o
        48          0          0          0          0       1111   stm32f7xx_hal_rng.o
       886          0          0          0          0       5318   stm32f7xx_hal_spi.o
      1664        118          0          0          0      17545   stm32f7xx_hal_tim.o
       564         38          0          0          0       5102   stm32f7xx_hal_tim_ex.o
      1802         74          0          0          0      11316   stm32f7xx_hal_uart.o
       100         14          0          0          0       2075   stm32f7xx_it.o
        84         16         24          4          0       1283   system_stm32f7xx.o
       420         58          0          0        128       3137   tim.o
       300         66          0          0        224       2401   usart.o

    ----------------------------------------------------------------------
     15692       1088     154736         36       2100    1029685   Object Totals
         0          0         32          0          0          0   (incl. Generated)
        22          0          0          0          0          0   (incl. Padding)

    ----------------------------------------------------------------------

      Code (inc. data)   RO Data    RW Data    ZI Data      Debug   Library Member Name

         0          0          0          0          0          0   entry.o
         0          0          0          0          0          0   entry10a.o
         0          0          0          0          0          0   entry11a.o
         8          4          0          0          0          0   entry2.o
         4          0          0          0          0          0   entry5.o
         0          0          0          0          0          0   entry7b.o
         0          0          0          0          0          0   entry8b.o
         8          4          0          0          0          0   entry9a.o
        30          0          0          0          0          0   handlers.o
        36          8          0          0          0         68   init.o
        30          0          0          0          0         68   llshl.o
        32          0          0          0          0         68   llushr.o
       188         20          0          0          0        160   malloc.o
         0          0          0          8          0          0   mvars.o
       264          6          0          0          0        244   printf2.o
        24          0          0          0          0         68   strcat.o
        28          0          0          0          0         76   strcmp.o
        18          0          0          0          0         68   strcpy.o
        98          0          0          0          0         92   uldiv.o

    ----------------------------------------------------------------------
       772         42          0          8          0        912   Library Totals
         4          0          0          0          0          0   (incl. Padding)

    ----------------------------------------------------------------------

      Code (inc. data)   RO Data    RW Data    ZI Data      Debug   Library Name

       768         42          0          8          0        912   mc_w.l

    ----------------------------------------------------------------------
       772         42          0          8          0        912   Library Totals

    ----------------------------------------------------------------------

==============================================================================


      Code (inc. data)   RO Data    RW Data    ZI Data      Debug   

     16464       1130     154736         44       2100    1019433   Grand Totals
     16464       1130     154736         44       2100    1019433   ELF Image Totals
     16464       1130     154736         44          0          0   ROM Totals

==============================================================================

    Total RO  Size (Code + RO Data)               171200 ( 167.19kB)
    Total RW  Size (RW Data + ZI Data)              2144 (   2.09kB)
    Total ROM Size (Code + RO Data + RW Data)     171244 ( 167.23kB)

==============================================================================

